// Vitest Snapshot v1, https://vitest.dev/guide/snapshot.html

exports[`WikiPageTitlesScraperLive > getTitles gotScraping > disneyPlus_titles.html 1`] = `
[
  {
    "episodes": 8,
    "finale": null,
    "id": "",
    "name": "Ahsoka",
    "premiere": "2023-08-22",
    "seasons": 1,
    "streamer": "disney+",
  },
  {
    "episodes": 8,
    "finale": null,
    "id": "",
    "name": "Percy Jackson and the Olympians",
    "premiere": "2023-12-19",
    "seasons": 1,
    "streamer": "disney+",
  },
  {
    "episodes": 8,
    "finale": null,
    "id": "",
    "name": "Star Wars: Skeleton Crew",
    "premiere": "2024-12-02",
    "seasons": 1,
    "streamer": "disney+",
  },
  {
    "episodes": 9,
    "finale": null,
    "id": "",
    "name": "Daredevil: Born Again",
    "premiere": "2025-03-04",
    "seasons": 1,
    "streamer": "disney+",
  },
  {
    "episodes": 8,
    "finale": null,
    "id": "",
    "name": "Wonder Man",
    "premiere": "2026-01-27",
    "seasons": null,
    "streamer": "disney+",
  },
  {
    "episodes": 29,
    "finale": null,
    "id": "",
    "name": "The Proud Family: Louder and Prouder",
    "premiere": "2022-02-23",
    "seasons": 3,
    "streamer": "disney+",
  },
  {
    "episodes": 48,
    "finale": null,
    "id": "",
    "name": "Star Wars: Young Jedi Adventures",
    "premiere": "2023-05-04",
    "seasons": 2,
    "streamer": "disney+",
  },
  {
    "episodes": 10,
    "finale": null,
    "id": "",
    "name": "X-Men '97",
    "premiere": "2024-03-20",
    "seasons": 1,
    "streamer": "disney+",
  },
  {
    "episodes": 8,
    "finale": null,
    "id": "",
    "name": "Lego Star Wars: Rebuild the Galaxy",
    "premiere": "2024-09-13",
    "seasons": 2,
    "streamer": "disney+",
  },
  {
    "episodes": 10,
    "finale": null,
    "id": "",
    "name": "Your Friendly Neighborhood Spider-Man",
    "premiere": "2025-01-29",
    "seasons": 1,
    "streamer": "disney+",
  },
  {
    "episodes": 9,
    "finale": null,
    "id": "",
    "name": "Light & Magic",
    "premiere": "2022-07-27",
    "seasons": 2,
    "streamer": "disney+",
  },
  {
    "episodes": 12,
    "finale": null,
    "id": "",
    "name": "Shipwreck Hunters Australia",
    "premiere": "2022-10-05",
    "seasons": 2,
    "streamer": "disney+",
  },
  {
    "episodes": 9,
    "finale": null,
    "id": "",
    "name": "Limitless with Chris Hemsworth",
    "premiere": "2022-11-16",
    "seasons": 2,
    "streamer": "disney+",
  },
  {
    "episodes": 10,
    "finale": null,
    "id": "",
    "name": "A Real Bug's Life",
    "premiere": "2024-01-24",
    "seasons": 2,
    "streamer": "disney+",
  },
  {
    "episodes": 5,
    "finale": null,
    "id": "",
    "name": "Harlem Ice",
    "premiere": "2025-02-12",
    "seasons": 1,
    "streamer": "disney+",
  },
  {
    "episodes": 12,
    "finale": null,
    "id": "",
    "name": "Disney's Launchpad",
    "premiere": "2021-05-28",
    "seasons": 2,
    "streamer": "disney+",
  },
  {
    "episodes": 27,
    "finale": null,
    "id": "",
    "name": "Star Wars: Visions",
    "premiere": "2021-09-22",
    "seasons": 3,
    "streamer": "disney+",
  },
  {
    "episodes": 18,
    "finale": null,
    "id": "",
    "name": "Star Wars Tales",
    "premiere": "2022-10-26",
    "seasons": 3,
    "streamer": "disney+",
  },
  {
    "episodes": 5,
    "finale": null,
    "id": "",
    "name": "People & Places",
    "premiere": "2024-02-09",
    "seasons": 1,
    "streamer": "disney+",
  },
  {
    "episodes": 6,
    "finale": null,
    "id": "",
    "name": "Wonderboys: The Secret Treasure of Naples",
    "premiere": "2024-12-06",
    "seasons": 1,
    "streamer": "disney+",
  },
  {
    "episodes": 20,
    "finale": null,
    "id": "",
    "name": "Playback: Together We Are One",
    "premiere": "2025-10-29",
    "seasons": 1,
    "streamer": "disney+",
  },
  {
    "episodes": 8,
    "finale": null,
    "id": "",
    "name": "Disney Twisted-Wonderland: The  Animation",
    "premiere": "2025-10-29",
    "seasons": 1,
    "streamer": "disney+",
  },
  {
    "episodes": 8,
    "finale": null,
    "id": "",
    "name": "Are You Sure?!",
    "premiere": "2024-08-08",
    "seasons": 1,
    "streamer": "disney+",
  },
  {
    "episodes": 4,
    "finale": null,
    "id": "",
    "name": "Seventeen: Our Chapter",
    "premiere": "2025-11-07",
    "seasons": null,
    "streamer": "disney+",
  },
  {
    "episodes": 8,
    "finale": null,
    "id": "",
    "name": "The Worst Trip Around the World",
    "premiere": "2025-11-07",
    "seasons": 1,
    "streamer": "disney+",
  },
  {
    "episodes": 5,
    "finale": null,
    "id": "",
    "name": "The Voice Brasil (season 13)",
    "premiere": "2025-10-06",
    "seasons": 1,
    "streamer": "disney+",
  },
  {
    "episodes": 18,
    "finale": null,
    "id": "",
    "name": "Italia's Got Talent (seasons 13—14)",
    "premiere": "2023-09-01",
    "seasons": 2,
    "streamer": "disney+",
  },
  {
    "episodes": 4,
    "finale": null,
    "id": "",
    "name": "Fortnite x The Simpsons",
    "premiere": "2025-11-01",
    "seasons": 1,
    "streamer": "disney+",
  },
  {
    "episodes": 1,
    "finale": null,
    "id": "",
    "name": "The Beatles Anthology",
    "premiere": "2025-11-26",
    "seasons": null,
    "streamer": "disney+",
  },
  {
    "episodes": 6,
    "finale": null,
    "id": "",
    "name": "The End of an Era",
    "premiere": "2025-12-12",
    "seasons": null,
    "streamer": "disney+",
  },
  {
    "episodes": 8,
    "finale": null,
    "id": "",
    "name": "VisionQuest",
    "premiere": "2026-01-01",
    "seasons": null,
    "streamer": "disney+",
  },
  {
    "episodes": 4,
    "finale": null,
    "id": "",
    "name": "Malcolm in the Middle: Life's Still Unfair",
    "premiere": "2025-12-01",
    "seasons": 1,
    "streamer": "disney+",
  },
  {
    "episodes": null,
    "finale": null,
    "id": "",
    "name": "Oswald the Lucky Rabbit",
    "premiere": null,
    "seasons": null,
    "streamer": "disney+",
  },
  {
    "episodes": null,
    "finale": null,
    "id": "",
    "name": "Star Wars: Maul – Shadow Lord",
    "premiere": "2026-01-01",
    "seasons": null,
    "streamer": "disney+",
  },
  {
    "episodes": null,
    "finale": null,
    "id": "",
    "name": "Star Wars: Visions Presents - The Ninth Jedi",
    "premiere": "2026-01-01",
    "seasons": null,
    "streamer": "disney+",
  },
  {
    "episodes": null,
    "finale": null,
    "id": "",
    "name": "The Doomies",
    "premiere": null,
    "seasons": null,
    "streamer": "disney+",
  },
  {
    "episodes": null,
    "finale": null,
    "id": "",
    "name": "Dragon Striker",
    "premiere": null,
    "seasons": null,
    "streamer": "disney+",
  },
  {
    "episodes": null,
    "finale": null,
    "id": "",
    "name": "Magicampers",
    "premiere": null,
    "seasons": null,
    "streamer": "disney+",
  },
  {
    "episodes": null,
    "finale": null,
    "id": "",
    "name": "The Sunnyridge 3",
    "premiere": null,
    "seasons": null,
    "streamer": "disney+",
  },
  {
    "episodes": null,
    "finale": null,
    "id": "",
    "name": "Pole to Pole",
    "premiere": null,
    "seasons": null,
    "streamer": "disney+",
  },
  {
    "episodes": 4,
    "finale": null,
    "id": "",
    "name": "Donna Hay Coastal Celebrations",
    "premiere": "2026-01-01",
    "seasons": null,
    "streamer": "disney+",
  },
  {
    "episodes": 8,
    "finale": null,
    "id": "",
    "name": "Tarã",
    "premiere": "2025-01-01",
    "seasons": 1,
    "streamer": "disney+",
  },
  {
    "episodes": 7,
    "finale": null,
    "id": "",
    "name": "El poder de los girasoles",
    "premiere": null,
    "seasons": 1,
    "streamer": "disney+",
  },
  {
    "episodes": 8,
    "finale": null,
    "id": "",
    "name": "Passinho: O Ritmo dos Sonhos",
    "premiere": null,
    "seasons": 1,
    "streamer": "disney+",
  },
  {
    "episodes": 5,
    "finale": null,
    "id": "",
    "name": "The War Between the Land and the Sea",
    "premiere": "2026-01-01",
    "seasons": 1,
    "streamer": "disney+",
  },
  {
    "episodes": 8,
    "finale": null,
    "id": "",
    "name": "What's Your Toy Story?",
    "premiere": null,
    "seasons": 1,
    "streamer": "disney+",
  },
  {
    "episodes": null,
    "finale": null,
    "id": "",
    "name": "Soy Luna (season 4)",
    "premiere": "2026-01-01",
    "seasons": null,
    "streamer": "disney+",
  },
  {
    "episodes": 24,
    "finale": "2023-04-19",
    "id": "",
    "name": "The Mandalorian",
    "premiere": "2019-11-12",
    "seasons": 3,
    "streamer": "disney+",
  },
  {
    "episodes": 8,
    "finale": "2020-11-20",
    "id": "",
    "name": "The Right Stuff",
    "premiere": "2020-10-09",
    "seasons": 1,
    "streamer": "disney+",
  },
  {
    "episodes": 9,
    "finale": "2021-03-05",
    "id": "",
    "name": "WandaVision",
    "premiere": "2021-01-15",
    "seasons": null,
    "streamer": "disney+",
  },
  {
    "episodes": 6,
    "finale": "2021-04-23",
    "id": "",
    "name": "The Falcon and the Winter Soldier",
    "premiere": "2021-03-19",
    "seasons": null,
    "streamer": "disney+",
  },
  {
    "episodes": 12,
    "finale": "2023-11-09",
    "id": "",
    "name": "Loki",
    "premiere": "2021-06-09",
    "seasons": 2,
    "streamer": "disney+",
  },
  {
    "episodes": 16,
    "finale": "2022-12-07",
    "id": "",
    "name": "The Mysterious Benedict Society",
    "premiere": "2021-06-25",
    "seasons": 2,
    "streamer": "disney+",
  },
  {
    "episodes": 6,
    "finale": "2021-12-22",
    "id": "",
    "name": "Hawkeye",
    "premiere": "2021-11-24",
    "seasons": null,
    "streamer": "disney+",
  },
  {
    "episodes": 7,
    "finale": "2022-02-09",
    "id": "",
    "name": "The Book of Boba Fett",
    "premiere": "2021-12-29",
    "seasons": null,
    "streamer": "disney+",
  },
  {
    "episodes": 6,
    "finale": "2022-05-04",
    "id": "",
    "name": "Moon Knight",
    "premiere": "2022-03-30",
    "seasons": null,
    "streamer": "disney+",
  },
  {
    "episodes": 6,
    "finale": "2022-06-22",
    "id": "",
    "name": "Obi-Wan Kenobi",
    "premiere": "2022-05-27",
    "seasons": null,
    "streamer": "disney+",
  },
  {
    "episodes": 24,
    "finale": "2025-05-13",
    "id": "",
    "name": "Andor",
    "premiere": "2022-09-21",
    "seasons": 2,
    "streamer": "disney+",
  },
  {
    "episodes": 8,
    "finale": "2023-01-11",
    "id": "",
    "name": "Willow",
    "premiere": "2022-11-30",
    "seasons": 1,
    "streamer": "disney+",
  },
  {
    "episodes": 10,
    "finale": "2023-02-08",
    "id": "",
    "name": "National Treasure: Edge of History",
    "premiere": "2022-12-14",
    "seasons": 1,
    "streamer": "disney+",
  },
  {
    "episodes": 8,
    "finale": "2023-04-05",
    "id": "",
    "name": "The Crossover",
    "premiere": "2023-04-05",
    "seasons": 1,
    "streamer": "disney+",
  },
  {
    "episodes": 6,
    "finale": "2023-07-26",
    "id": "",
    "name": "Secret Invasion",
    "premiere": "2023-06-21",
    "seasons": null,
    "streamer": "disney+",
  },
  {
    "episodes": 5,
    "finale": "2024-01-09",
    "id": "",
    "name": "Echo",
    "premiere": "2024-01-09",
    "seasons": null,
    "streamer": "disney+",
  },
  {
    "episodes": 8,
    "finale": "2024-03-29",
    "id": "",
    "name": "Renegade Nell",
    "premiere": "2024-03-29",
    "seasons": 1,
    "streamer": "disney+",
  },
  {
    "episodes": 8,
    "finale": "2024-07-16",
    "id": "",
    "name": "The Acolyte",
    "premiere": "2024-06-04",
    "seasons": 1,
    "streamer": "disney+",
  },
  {
    "episodes": 6,
    "finale": "2025-07-01",
    "id": "",
    "name": "Ironheart",
    "premiere": "2025-06-24",
    "seasons": null,
    "streamer": "disney+",
  },
  {
    "episodes": 38,
    "finale": "2023-08-09",
    "id": "",
    "name": "High School Musical: The Musical: The Series",
    "premiere": "2019-11-12",
    "seasons": 4,
    "streamer": "disney+",
  },
  {
    "episodes": 20,
    "finale": "2021-08-18",
    "id": "",
    "name": "Diary of a Future President",
    "premiere": "2020-01-17",
    "seasons": 2,
    "streamer": "disney+",
  },
  {
    "episodes": 20,
    "finale": "2022-11-30",
    "id": "",
    "name": "The Mighty Ducks: Game Changers",
    "premiere": "2021-03-26",
    "seasons": 2,
    "streamer": "disney+",
  },
  {
    "episodes": 20,
    "finale": "2022-10-12",
    "id": "",
    "name": "Big Shot",
    "premiere": "2021-04-16",
    "seasons": 2,
    "streamer": "disney+",
  },
  {
    "episodes": 12,
    "finale": "2021-10-06",
    "id": "",
    "name": "Turner & Hooch",
    "premiere": "2021-07-21",
    "seasons": 1,
    "streamer": "disney+",
  },
  {
    "episodes": 20,
    "finale": "2023-03-31",
    "id": "",
    "name": "Doogie Kameāloha, M.D.",
    "premiere": "2021-09-08",
    "seasons": 2,
    "streamer": "disney+",
  },
  {
    "episodes": 8,
    "finale": "2021-10-13",
    "id": "",
    "name": "Just Beyond",
    "premiere": "2021-10-13",
    "seasons": 1,
    "streamer": "disney+",
  },
  {
    "episodes": 6,
    "finale": "2022-07-13",
    "id": "",
    "name": "Ms. Marvel",
    "premiere": "2022-06-08",
    "seasons": null,
    "streamer": "disney+",
  },
  {
    "episodes": 9,
    "finale": "2022-10-13",
    "id": "",
    "name": "She-Hulk: Attorney at Law",
    "premiere": "2022-08-18",
    "seasons": null,
    "streamer": "disney+",
  },
  {
    "episodes": 12,
    "finale": "2023-12-06",
    "id": "",
    "name": "The Santa Clauses",
    "premiere": "2022-11-16",
    "seasons": 2,
    "streamer": "disney+",
  },
  {
    "episodes": 10,
    "finale": "2023-05-10",
    "id": "",
    "name": "The Muppets Mayhem",
    "premiere": "2023-05-10",
    "seasons": 1,
    "streamer": "disney+",
  },
  {
    "episodes": 8,
    "finale": "2023-05-24",
    "id": "",
    "name": "American Born Chinese",
    "premiere": "2023-05-24",
    "seasons": 1,
    "streamer": "disney+",
  },
  {
    "episodes": 18,
    "finale": "2025-01-10",
    "id": "",
    "name": "Goosebumps",
    "premiere": "2023-10-13",
    "seasons": 2,
    "streamer": "disney+",
  },
  {
    "episodes": 9,
    "finale": "2024-10-30",
    "id": "",
    "name": "Agatha All Along",
    "premiere": "2024-09-18",
    "seasons": null,
    "streamer": "disney+",
  },
  {
    "episodes": 47,
    "finale": "2024-05-01",
    "id": "",
    "name": "Star Wars: The Bad Batch",
    "premiere": "2021-05-04",
    "seasons": 3,
    "streamer": "disney+",
  },
  {
    "episodes": 10,
    "finale": "2021-09-01",
    "id": "",
    "name": "Monsters at Work",
    "premiere": "2021-07-07",
    "seasons": 1,
    "streamer": "disney+",
  },
  {
    "episodes": 30,
    "finale": "2024-05-22",
    "id": "",
    "name": "Chip 'n' Dale: Park Life",
    "premiere": "2021-07-28",
    "seasons": 2,
    "streamer": "disney+",
  },
  {
    "episodes": 26,
    "finale": "2024-12-29",
    "id": "",
    "name": "What If...?",
    "premiere": "2021-08-11",
    "seasons": 3,
    "streamer": "disney+",
  },
  {
    "episodes": 41,
    "finale": "2025-02-07",
    "id": "",
    "name": "Moon Girl and Devil Dinosaur",
    "premiere": "2023-02-15",
    "seasons": 2,
    "streamer": "disney+",
  },
  {
    "episodes": 6,
    "finale": "2024-02-28",
    "id": "",
    "name": "Iwájú",
    "premiere": "2024-02-28",
    "seasons": null,
    "streamer": "disney+",
  },
  {
    "episodes": 4,
    "finale": "2024-12-11",
    "id": "",
    "name": "Dream Productions",
    "premiere": "2024-12-11",
    "seasons": null,
    "streamer": "disney+",
  },
  {
    "episodes": 8,
    "finale": "2025-03-12",
    "id": "",
    "name": "Win or Lose",
    "premiere": "2025-02-19",
    "seasons": null,
    "streamer": "disney+",
  },
  {
    "episodes": 4,
    "finale": "2025-08-01",
    "id": "",
    "name": "Eyes of Wakanda",
    "premiere": "2025-08-01",
    "seasons": null,
    "streamer": "disney+",
  },
  {
    "episodes": 4,
    "finale": "2025-09-24",
    "id": "",
    "name": "Marvel Zombies",
    "premiere": "2025-09-24",
    "seasons": null,
    "streamer": "disney+",
  },
  {
    "episodes": 20,
    "finale": "2020-03-20",
    "id": "",
    "name": "Marvel's Hero Project",
    "premiere": "2019-11-12",
    "seasons": 1,
    "streamer": "disney+",
  },
  {
    "episodes": 6,
    "finale": "2019-12-13",
    "id": "",
    "name": "The Imagineering Story",
    "premiere": "2019-11-12",
    "seasons": null,
    "streamer": "disney+",
  },
  {
    "episodes": 22,
    "finale": "2022-01-19",
    "id": "",
    "name": "The World According to Jeff Goldblum",
    "premiere": "2019-11-12",
    "seasons": 2,
    "streamer": "disney+",
  },
  {
    "episodes": 6,
    "finale": "2020-01-24",
    "id": "",
    "name": "Pick of the Litter",
    "premiere": "2019-12-20",
    "seasons": 1,
    "streamer": "disney+",
  },
  {
    "episodes": 8,
    "finale": "2020-05-01",
    "id": "",
    "name": "Prop Culture",
    "premiere": "2020-05-01",
    "seasons": 1,
    "streamer": "disney+",
  },
  {
    "episodes": 10,
    "finale": "2020-07-17",
    "id": "",
    "name": "It's a Dog's Life with Bill Farmer",
    "premiere": "2020-05-15",
    "seasons": 1,
    "streamer": "disney+",
  },
  {
    "episodes": 6,
    "finale": "2020-07-24",
    "id": "",
    "name": "Rogue Trip",
    "premiere": "2020-07-24",
    "seasons": 1,
    "streamer": "disney+",
  },
  {
    "episodes": 10,
    "finale": "2020-09-18",
    "id": "",
    "name": "Becoming",
    "premiere": "2020-09-18",
    "seasons": 1,
    "streamer": "disney+",
  },
  {
    "episodes": 18,
    "finale": "2023-01-04",
    "id": "",
    "name": "Magic of Disney's Animal Kingdom",
    "premiere": "2020-09-25",
    "seasons": 2,
    "streamer": "disney+",
  },
  {
    "episodes": 6,
    "finale": "2020-10-16",
    "id": "",
    "name": "Meet the Chimps",
    "premiere": "2020-10-16",
    "seasons": 1,
    "streamer": "disney+",
  },
  {
    "episodes": 8,
    "finale": "2020-11-20",
    "id": "",
    "name": "Marvel's 616",
    "premiere": "2020-11-20",
    "seasons": 1,
    "streamer": "disney+",
  },
  {
    "episodes": 6,
    "finale": "2020-12-18",
    "id": "",
    "name": "On Pointe",
    "premiere": "2020-12-18",
    "seasons": 1,
    "streamer": "disney+",
  },
  {
    "episodes": 4,
    "finale": "2021-04-22",
    "id": "",
    "name": "Secrets of the Whales",
    "premiere": "2021-04-22",
    "seasons": null,
    "streamer": "disney+",
  },
  {
    "episodes": 16,
    "finale": "2023-11-01",
    "id": "",
    "name": "Behind the Attraction",
    "premiere": "2021-07-21",
    "seasons": 2,
    "streamer": "disney+",
  },
  {
    "episodes": 6,
    "finale": "2021-08-18",
    "id": "",
    "name": "Growing Up Animal",
    "premiere": "2021-08-18",
    "seasons": 1,
    "streamer": "disney+",
  },
  {
    "episodes": 6,
    "finale": "2021-10-06",
    "id": "",
    "name": "Among the Stars",
    "premiere": "2021-10-06",
    "seasons": null,
    "streamer": "disney+",
  },
  {
    "episodes": 3,
    "finale": "2021-11-27",
    "id": "",
    "name": "The Beatles: Get Back",
    "premiere": "2021-11-25",
    "seasons": null,
    "streamer": "disney+",
  },
  {
    "episodes": 6,
    "finale": "2021-12-08",
    "id": "",
    "name": "Welcome to Earth",
    "premiere": "2021-12-08",
    "seasons": 1,
    "streamer": "disney+",
  },
  {
    "episodes": 6,
    "finale": "2022-04-27",
    "id": "",
    "name": "Sketchbook",
    "premiere": "2022-04-27",
    "seasons": 1,
    "streamer": "disney+",
  },
  {
    "episodes": 6,
    "finale": "2022-07-04",
    "id": "",
    "name": "America the Beautiful",
    "premiere": "2022-07-04",
    "seasons": 1,
    "streamer": "disney+",
  },
  {
    "episodes": 5,
    "finale": "2022-09-08",
    "id": "",
    "name": "Epic Adventures with Bertie Gregory",
    "premiere": "2022-09-08",
    "seasons": 1,
    "streamer": "disney+",
  },
  {
    "episodes": 10,
    "finale": "2022-09-08",
    "id": "",
    "name": "Growing Up",
    "premiere": "2022-09-08",
    "seasons": 1,
    "streamer": "disney+",
  },
  {
    "episodes": 6,
    "finale": "2022-09-21",
    "id": "",
    "name": "Super/Natural",
    "premiere": "2022-09-21",
    "seasons": 1,
    "streamer": "disney+",
  },
  {
    "episodes": 4,
    "finale": "2022-11-09",
    "id": "",
    "name": "Save Our Squad with David Beckham",
    "premiere": "2022-11-09",
    "seasons": null,
    "streamer": "disney+",
  },
  {
    "episodes": 8,
    "finale": "2023-01-11",
    "id": "",
    "name": "Chasing Waves",
    "premiere": "2023-01-11",
    "seasons": 1,
    "streamer": "disney+",
  },
  {
    "episodes": 4,
    "finale": "2023-03-08",
    "id": "",
    "name": "MPower",
    "premiere": "2023-03-08",
    "seasons": null,
    "streamer": "disney+",
  },
  {
    "episodes": 4,
    "finale": "2023-05-03",
    "id": "",
    "name": "Rennervations",
    "premiere": "2023-04-12",
    "seasons": 1,
    "streamer": "disney+",
  },
  {
    "episodes": 6,
    "finale": "2023-04-26",
    "id": "",
    "name": "Matildas: The World at Our Feet",
    "premiere": "2023-04-26",
    "seasons": null,
    "streamer": "disney+",
  },
  {
    "episodes": 4,
    "finale": "2023-05-03",
    "id": "",
    "name": "Ed Sheeran: The Sum of It All",
    "premiere": "2023-05-03",
    "seasons": null,
    "streamer": "disney+",
  },
  {
    "episodes": 6,
    "finale": "2023-09-13",
    "id": "",
    "name": "Animals Up Close with Bertie Gregory",
    "premiere": "2023-09-13",
    "seasons": 1,
    "streamer": "disney+",
  },
  {
    "episodes": 6,
    "finale": "2024-01-31",
    "id": "",
    "name": "Choir",
    "premiere": "2024-01-31",
    "seasons": 1,
    "streamer": "disney+",
  },
  {
    "episodes": 12,
    "finale": "2020-01-24",
    "id": "",
    "name": "Encore!",
    "premiere": "2019-11-12",
    "seasons": 1,
    "streamer": "disney+",
  },
  {
    "episodes": 8,
    "finale": "2020-04-17",
    "id": "",
    "name": "Shop Class",
    "premiere": "2020-02-28",
    "seasons": 1,
    "streamer": "disney+",
  },
  {
    "episodes": 11,
    "finale": "2020-06-05",
    "id": "",
    "name": "Be Our Chef",
    "premiere": "2020-03-27",
    "seasons": 1,
    "streamer": "disney+",
  },
  {
    "episodes": 11,
    "finale": "2021-12-15",
    "id": "",
    "name": "Foodtastic",
    "premiere": "2021-12-15",
    "seasons": 1,
    "streamer": "disney+",
  },
  {
    "episodes": 8,
    "finale": "2022-05-11",
    "id": "",
    "name": "The Quest",
    "premiere": "2022-05-11",
    "seasons": 1,
    "streamer": "disney+",
  },
  {
    "episodes": 6,
    "finale": "2022-06-15",
    "id": "",
    "name": "Family Reboot",
    "premiere": "2022-06-15",
    "seasons": 1,
    "streamer": "disney+",
  },
  {
    "episodes": 30,
    "finale": "2020-10-23",
    "id": "",
    "name": "The Big Fib",
    "premiere": "2020-05-22",
    "seasons": 1,
    "streamer": "disney+",
  },
  {
    "episodes": 6,
    "finale": "2020-09-04",
    "id": "",
    "name": "Muppets Now",
    "premiere": "2020-07-31",
    "seasons": 1,
    "streamer": "disney+",
  },
  {
    "episodes": 20,
    "finale": "2021-01-01",
    "id": "",
    "name": "Earth to Ned",
    "premiere": "2020-09-04",
    "seasons": 1,
    "streamer": "disney+",
  },
  {
    "episodes": 5,
    "finale": "2021-04-16",
    "id": "",
    "name": "Earth Moods",
    "premiere": "2021-04-16",
    "seasons": 1,
    "streamer": "disney+",
  },
  {
    "episodes": 8,
    "finale": "2023-03-15",
    "id": "",
    "name": "Turning the Tables with Robin Roberts",
    "premiere": "2021-07-28",
    "seasons": 2,
    "streamer": "disney+",
  },
  {
    "episodes": 4,
    "finale": "2022-11-02",
    "id": "",
    "name": "Donna Hay Christmas",
    "premiere": "2022-11-02",
    "seasons": 1,
    "streamer": "disney+",
  },
  {
    "episodes": 40,
    "finale": "2020-08-07",
    "id": "",
    "name": "Disney Family Sundays",
    "premiere": "2019-11-12",
    "seasons": 1,
    "streamer": "disney+",
  },
  {
    "episodes": 10,
    "finale": "2020-01-10",
    "id": "",
    "name": "Forky Asks a Question",
    "premiere": "2019-11-12",
    "seasons": 1,
    "streamer": "disney+",
  },
  {
    "episodes": 11,
    "finale": "2020-09-04",
    "id": "",
    "name": "Pixar in Real Life",
    "premiere": "2019-11-12",
    "seasons": 1,
    "streamer": "disney+",
  },
  {
    "episodes": 11,
    "finale": "2024-02-02",
    "id": "",
    "name": "SparkShorts",
    "premiere": "2019-11-12",
    "seasons": 1,
    "streamer": "disney+",
  },
  {
    "episodes": 51,
    "finale": "2020-11-20",
    "id": "",
    "name": "One Day at Disney Shorts",
    "premiere": "2019-12-06",
    "seasons": 1,
    "streamer": "disney+",
  },
  {
    "episodes": 20,
    "finale": "2022-09-14",
    "id": "",
    "name": "Short Circuit",
    "premiere": "2020-01-24",
    "seasons": 2,
    "streamer": "disney+",
  },
  {
    "episodes": 14,
    "finale": "2021-12-15",
    "id": "",
    "name": "Disney Insider",
    "premiere": "2020-03-20",
    "seasons": 1,
    "streamer": "disney+",
  },
  {
    "episodes": 20,
    "finale": "2021-06-11",
    "id": "",
    "name": "Zenimation",
    "premiere": "2020-05-22",
    "seasons": 2,
    "streamer": "disney+",
  },
  {
    "episodes": 20,
    "finale": "2021-05-21",
    "id": "",
    "name": "Inside Pixar",
    "premiere": "2020-11-13",
    "seasons": 1,
    "streamer": "disney+",
  },
  {
    "episodes": 20,
    "finale": "2021-08-25",
    "id": "",
    "name": "The Wonderful World of Mickey Mouse",
    "premiere": "2020-11-18",
    "seasons": 1,
    "streamer": "disney+",
  },
  {
    "episodes": 47,
    "finale": "2023-12-15",
    "id": "",
    "name": "Marvel Studios: Legends",
    "premiere": "2021-01-08",
    "seasons": 2,
    "streamer": "disney+",
  },
  {
    "episodes": 11,
    "finale": "2021-01-22",
    "id": "",
    "name": "Pixar Popcorn",
    "premiere": "2021-01-22",
    "seasons": 1,
    "streamer": "disney+",
  },
  {
    "episodes": 2,
    "finale": "2021-05-04",
    "id": "",
    "name": "Star Wars Vehicle Flythroughs",
    "premiere": "2021-05-04",
    "seasons": 1,
    "streamer": "disney+",
  },
  {
    "episodes": 4,
    "finale": "2021-08-11",
    "id": "",
    "name": "How to Stay at Home",
    "premiere": "2021-08-11",
    "seasons": 1,
    "streamer": "disney+",
  },
  {
    "episodes": 5,
    "finale": "2021-09-01",
    "id": "",
    "name": "Dug Days",
    "premiere": "2021-09-01",
    "seasons": 1,
    "streamer": "disney+",
  },
  {
    "episodes": 7,
    "finale": "2021-09-29",
    "id": "",
    "name": "Star Wars: Galaxy of Sounds",
    "premiere": "2021-09-29",
    "seasons": 1,
    "streamer": "disney+",
  },
  {
    "episodes": 6,
    "finale": "2021-11-12",
    "id": "",
    "name": "Olaf Presents",
    "premiere": "2021-11-12",
    "seasons": 1,
    "streamer": "disney+",
  },
  {
    "episodes": 6,
    "finale": "2022-04-13",
    "id": "",
    "name": "Ice Age: Scrat Tales",
    "premiere": "2022-04-13",
    "seasons": 1,
    "streamer": "disney+",
  },
  {
    "episodes": 6,
    "finale": "2022-06-29",
    "id": "",
    "name": "Baymax!",
    "premiere": "2022-06-29",
    "seasons": 1,
    "streamer": "disney+",
  },
  {
    "episodes": 10,
    "finale": "2023-09-06",
    "id": "",
    "name": "I Am Groot",
    "premiere": "2022-08-10",
    "seasons": 2,
    "streamer": "disney+",
  },
  {
    "episodes": 9,
    "finale": "2022-09-08",
    "id": "",
    "name": "Cars on the Road",
    "premiere": "2022-09-08",
    "seasons": 1,
    "streamer": "disney+",
  },
  {
    "episodes": 6,
    "finale": "2022-11-09",
    "id": "",
    "name": "Zootopia+",
    "premiere": "2022-11-09",
    "seasons": 1,
    "streamer": "disney+",
  },
  {
    "episodes": 10,
    "finale": "2023-07-05",
    "id": "",
    "name": "Kizazi Moto: Generation Fire",
    "premiere": "2023-07-05",
    "seasons": 1,
    "streamer": "disney+",
  },
  {
    "episodes": 5,
    "finale": "2024-09-04",
    "id": "",
    "name": "Lego Pixar: BrickToons",
    "premiere": "2024-09-04",
    "seasons": 1,
    "streamer": "disney+",
  },
  {
    "episodes": 8,
    "finale": "2020-04-03",
    "id": "",
    "name": "Disney's Fairy Tale Weddings (season 2)",
    "premiere": "2020-02-14",
    "seasons": 1,
    "streamer": "disney+",
  },
  {
    "episodes": 12,
    "finale": "2020-05-04",
    "id": "",
    "name": "Star Wars: The Clone Wars (season 7)",
    "premiere": "2020-02-21",
    "seasons": 1,
    "streamer": "disney+",
  },
  {
    "episodes": 13,
    "finale": "2020-11-06",
    "id": "",
    "name": "Weird but True! (season 3)",
    "premiere": "2020-08-14",
    "seasons": 1,
    "streamer": "disney+",
  },
  {
    "episodes": null,
    "finale": null,
    "id": "",
    "name": "One Day at Disney",
    "premiere": "2019-12-03",
    "seasons": null,
    "streamer": "disney+",
  },
  {
    "episodes": null,
    "finale": null,
    "id": "",
    "name": "High School Musical: The Musical: The Series: The Special",
    "premiere": "2019-12-14",
    "seasons": null,
    "streamer": "disney+",
  },
  {
    "episodes": null,
    "finale": null,
    "id": "",
    "name": "The Lego Star Wars Holiday Special",
    "premiere": "2020-11-17",
    "seasons": null,
    "streamer": "disney+",
  },
  {
    "episodes": null,
    "finale": null,
    "id": "",
    "name": "The Real Right Stuff",
    "premiere": "2020-11-20",
    "seasons": null,
    "streamer": "disney+",
  },
  {
    "episodes": null,
    "finale": null,
    "id": "",
    "name": "High School Musical: The Musical: The Holiday Special",
    "premiere": "2020-12-11",
    "seasons": null,
    "streamer": "disney+",
  },
  {
    "episodes": null,
    "finale": null,
    "id": "",
    "name": "A Spark Story",
    "premiere": "2021-09-24",
    "seasons": null,
    "streamer": "disney+",
  },
  {
    "episodes": null,
    "finale": null,
    "id": "",
    "name": "Lego Star Wars: Terrifying Tales",
    "premiere": "2021-10-01",
    "seasons": null,
    "streamer": "disney+",
  },
  {
    "episodes": null,
    "finale": null,
    "id": "",
    "name": "Under the Helmet: The Legacy of Boba Fett",
    "premiere": "2021-11-12",
    "seasons": null,
    "streamer": "disney+",
  },
  {
    "episodes": null,
    "finale": null,
    "id": "",
    "name": "The Wonderful Winter of Mickey Mouse",
    "premiere": "2022-02-18",
    "seasons": null,
    "streamer": "disney+",
  },
  {
    "episodes": null,
    "finale": null,
    "id": "",
    "name": "The Wonderful Spring of Mickey Mouse",
    "premiere": "2022-03-25",
    "seasons": null,
    "streamer": "disney+",
  },
  {
    "episodes": null,
    "finale": null,
    "id": "",
    "name": "Disney Gallery: The Book of Boba Fett",
    "premiere": "2022-05-04",
    "seasons": null,
    "streamer": "disney+",
  },
  {
    "episodes": null,
    "finale": null,
    "id": "",
    "name": "The Wonderful Summer of Mickey Mouse",
    "premiere": "2022-07-08",
    "seasons": null,
    "streamer": "disney+",
  },
  {
    "episodes": null,
    "finale": null,
    "id": "",
    "name": "Lego Star Wars: Summer Vacation",
    "premiere": "2022-08-05",
    "seasons": null,
    "streamer": "disney+",
  },
  {
    "episodes": null,
    "finale": null,
    "id": "",
    "name": "Andor: A Disney+ Day Special Look",
    "premiere": "2022-09-08",
    "seasons": null,
    "streamer": "disney+",
  },
  {
    "episodes": null,
    "finale": null,
    "id": "",
    "name": "Obi-Wan Kenobi: A Jedi's Return",
    "premiere": "2022-09-08",
    "seasons": null,
    "streamer": "disney+",
  },
  {
    "episodes": null,
    "finale": null,
    "id": "",
    "name": "The Wonderful Autumn of Mickey Mouse",
    "premiere": "2022-11-18",
    "seasons": null,
    "streamer": "disney+",
  },
  {
    "episodes": null,
    "finale": null,
    "id": "",
    "name": "Willow: Behind the Magic",
    "premiere": "2023-01-25",
    "seasons": null,
    "streamer": "disney+",
  },
  {
    "episodes": null,
    "finale": null,
    "id": "",
    "name": "The Wonderful World of Mickey Mouse: Steamboat Silly",
    "premiere": "2023-07-28",
    "seasons": null,
    "streamer": "disney+",
  },
  {
    "episodes": null,
    "finale": null,
    "id": "",
    "name": "A Hero's Journey: The Making of Percy Jackson and the Olympians",
    "premiere": "2024-01-30",
    "seasons": null,
    "streamer": "disney+",
  },
  {
    "episodes": null,
    "finale": null,
    "id": "",
    "name": "Iwájú: A Day Ahead",
    "premiere": "2024-02-28",
    "seasons": null,
    "streamer": "disney+",
  },
  {
    "episodes": null,
    "finale": null,
    "id": "",
    "name": "Star Wars: Skeleton Crew: A Special Look",
    "premiere": "2024-11-29",
    "seasons": null,
    "streamer": "disney+",
  },
  {
    "episodes": null,
    "finale": null,
    "id": "",
    "name": "Meet the Pickles: The Making of Win or Lose",
    "premiere": "2025-03-12",
    "seasons": null,
    "streamer": "disney+",
  },
  {
    "episodes": null,
    "finale": null,
    "id": "",
    "name": "Andor Season 1 Recap",
    "premiere": "2025-04-08",
    "seasons": null,
    "streamer": "disney+",
  },
  {
    "episodes": 10,
    "finale": "2020-01-19",
    "id": "",
    "name": "High School Musical: The Musical: The Series: Sing-Along",
    "premiere": "2020-01-19",
    "seasons": 1,
    "streamer": "disney+",
  },
  {
    "episodes": 11,
    "finale": "2023-06-28",
    "id": "",
    "name": "Disney Gallery: The Mandalorian",
    "premiere": "2020-05-04",
    "seasons": 3,
    "streamer": "disney+",
  },
  {
    "episodes": 6,
    "finale": "2020-06-26",
    "id": "",
    "name": "Into the Unknown: Making Frozen II",
    "premiere": "2020-06-26",
    "seasons": 1,
    "streamer": "disney+",
  },
  {
    "episodes": 23,
    "finale": "2024-11-13",
    "id": "",
    "name": "Marvel Studios: Assembled",
    "premiere": "2021-03-12",
    "seasons": 2,
    "streamer": "disney+",
  },
  {
    "episodes": 3,
    "finale": "2023-02-28",
    "id": "",
    "name": "Voices Rising: The Music of Wakanda Forever",
    "premiere": "2023-02-28",
    "seasons": null,
    "streamer": "disney+",
  },
  {
    "episodes": 2,
    "finale": "2025-11-07",
    "id": "",
    "name": "Fire and Water: Making the Avatar Films",
    "premiere": "2025-11-07",
    "seasons": null,
    "streamer": "disney+",
  },
  {
    "episodes": 6,
    "finale": "2022-03-23",
    "id": "",
    "name": "Parallels",
    "premiere": "2022-03-23",
    "seasons": 1,
    "streamer": "disney+",
  },
  {
    "episodes": 18,
    "finale": "2024-01-17",
    "id": "",
    "name": "It Was Always Me",
    "premiere": "2022-07-20",
    "seasons": 2,
    "streamer": "disney+",
  },
  {
    "episodes": 16,
    "finale": "2023-12-13",
    "id": "",
    "name": "Tierra Incognita",
    "premiere": "2022-09-08",
    "seasons": 2,
    "streamer": "disney+",
  },
  {
    "episodes": 10,
    "finale": "2023-02-01",
    "id": "",
    "name": "The Chorus: Success, Here I Go",
    "premiere": "2023-02-01",
    "seasons": 1,
    "streamer": "disney+",
  },
  {
    "episodes": 8,
    "finale": "2023-04-05",
    "id": "",
    "name": "Journey to the Center of the Earth",
    "premiere": "2023-04-05",
    "seasons": null,
    "streamer": "disney+",
  },
  {
    "episodes": 13,
    "finale": "2023-06-28",
    "id": "",
    "name": "FreeKs",
    "premiere": "2023-06-28",
    "seasons": 1,
    "streamer": "disney+",
  },
  {
    "episodes": 10,
    "finale": "2023-11-01",
    "id": "",
    "name": "The Three Detectives",
    "premiere": "2023-11-01",
    "seasons": 1,
    "streamer": "disney+",
  },
  {
    "episodes": 6,
    "finale": "2023-11-29",
    "id": "",
    "name": "Aruna's Magic",
    "premiere": "2023-11-29",
    "seasons": 1,
    "streamer": "disney+",
  },
  {
    "episodes": 8,
    "finale": "2024-04-17",
    "id": "",
    "name": "The Secret Score",
    "premiere": "2024-04-17",
    "seasons": 1,
    "streamer": "disney+",
  },
  {
    "episodes": 30,
    "finale": "2024-11-01",
    "id": "",
    "name": "Ayla & the Mirrors",
    "premiere": "2024-09-27",
    "seasons": 1,
    "streamer": "disney+",
  },
  {
    "episodes": 6,
    "finale": "2024-12-13",
    "id": "",
    "name": "Invisible",
    "premiere": "2024-12-13",
    "seasons": null,
    "streamer": "disney+",
  },
  {
    "episodes": 6,
    "finale": "2025-07-23",
    "id": "",
    "name": "20,000 Leagues Under the Sea",
    "premiere": "2025-07-23",
    "seasons": null,
    "streamer": "disney+",
  },
  {
    "episodes": 17,
    "finale": "2023-05-24",
    "id": "",
    "name": "Intertwined",
    "premiere": "2021-11-12",
    "seasons": 2,
    "streamer": "disney+",
  },
  {
    "episodes": 16,
    "finale": "2023-04-05",
    "id": "",
    "name": "Weekend Family",
    "premiere": "2022-03-09",
    "seasons": 2,
    "streamer": "disney+",
  },
  {
    "episodes": 18,
    "finale": "2023-09-27",
    "id": "",
    "name": "All the Same... or Not",
    "premiere": "2022-07-20",
    "seasons": 2,
    "streamer": "disney+",
  },
  {
    "episodes": 10,
    "finale": "2022-12-21",
    "id": "",
    "name": "Sumo Do, Sumo Don't",
    "premiere": "2022-10-26",
    "seasons": 1,
    "streamer": "disney+",
  },
  {
    "episodes": 12,
    "finale": "2023-01-11",
    "id": "",
    "name": "@Gina Yei: #WithAllMyHeartAndMore",
    "premiere": "2023-01-11",
    "seasons": 1,
    "streamer": "disney+",
  },
  {
    "episodes": 8,
    "finale": "2023-02-15",
    "id": "",
    "name": "Mila in the Multiverse",
    "premiere": "2023-02-15",
    "seasons": 1,
    "streamer": "disney+",
  },
  {
    "episodes": 10,
    "finale": "2023-02-22",
    "id": "",
    "name": "The Low Tone Club",
    "premiere": "2023-02-22",
    "seasons": 1,
    "streamer": "disney+",
  },
  {
    "episodes": 4,
    "finale": "2023-04-12",
    "id": "",
    "name": "It's All Right!",
    "premiere": "2023-04-12",
    "seasons": null,
    "streamer": "disney+",
  },
  {
    "episodes": 25,
    "finale": "2024-05-15",
    "id": "",
    "name": "C.H.U.E.C.O",
    "premiere": "2023-07-14",
    "seasons": 2,
    "streamer": "disney+",
  },
  {
    "episodes": 6,
    "finale": "2023-09-27",
    "id": "",
    "name": "L-POP",
    "premiere": "2023-09-27",
    "seasons": 1,
    "streamer": "disney+",
  },
  {
    "episodes": 8,
    "finale": "2024-01-10",
    "id": "",
    "name": "BTS Monuments: Beyond the Star",
    "premiere": "2023-12-20",
    "seasons": 1,
    "streamer": "disney+",
  },
  {
    "episodes": null,
    "finale": null,
    "id": "",
    "name": "An Extra Episode, or Not: Behind the Scenes of All the Same",
    "premiere": "2022-07-29",
    "seasons": null,
    "streamer": "disney+",
  },
  {
    "episodes": null,
    "finale": null,
    "id": "",
    "name": "It Was Always Me: Behind the Story",
    "premiere": "2022-09-02",
    "seasons": null,
    "streamer": "disney+",
  },
  {
    "episodes": null,
    "finale": null,
    "id": "",
    "name": "Weekend Family Christmas Special",
    "premiere": "2022-12-09",
    "seasons": null,
    "streamer": "disney+",
  },
  {
    "episodes": null,
    "finale": null,
    "id": "",
    "name": "Intertwined Live!",
    "premiere": "2023-05-05",
    "seasons": null,
    "streamer": "disney+",
  },
  {
    "episodes": null,
    "finale": null,
    "id": "",
    "name": "C.H.U.E.C.O's Christmas",
    "premiere": "2023-12-15",
    "seasons": null,
    "streamer": "disney+",
  },
  {
    "episodes": 6,
    "finale": "2022-08-24",
    "id": "",
    "name": "Fearless: The Inside Story of the AFLW",
    "premiere": "2022-08-24",
    "seasons": null,
    "streamer": "disney+",
  },
  {
    "episodes": 16,
    "finale": "2024-12-04",
    "id": "",
    "name": "The Montaners",
    "premiere": "2022-11-09",
    "seasons": 2,
    "streamer": "disney+",
  },
  {
    "episodes": 17,
    "finale": "2023-11-08",
    "id": "",
    "name": "Daddies on Request",
    "premiere": "2022-11-23",
    "seasons": 2,
    "streamer": "disney+",
  },
  {
    "episodes": 5,
    "finale": "2023-01-18",
    "id": "",
    "name": "Marvel Lucha Libre Edition: The Origin of the Mask",
    "premiere": "2023-01-18",
    "seasons": 1,
    "streamer": "disney+",
  },
  {
    "episodes": 5,
    "finale": "2023-10-11",
    "id": "",
    "name": "4EVER",
    "premiere": "2023-10-11",
    "seasons": null,
    "streamer": "disney+",
  },
  {
    "episodes": 2,
    "finale": "2023-12-05",
    "id": "",
    "name": "Isabel Preysler: My Christmas",
    "premiere": "2023-12-05",
    "seasons": null,
    "streamer": "disney+",
  },
  {
    "episodes": 4,
    "finale": "2022-10-19",
    "id": "",
    "name": "In the Soop: Friendcation",
    "premiere": "2022-10-19",
    "seasons": null,
    "streamer": "disney+",
  },
  {
    "episodes": 16,
    "finale": "2025-05-31",
    "id": "",
    "name": "Doctor Who (series 14–15)",
    "premiere": "2024-05-10",
    "seasons": 2,
    "streamer": "disney+",
  },
  {
    "episodes": 11,
    "finale": "2022-11-21",
    "id": "",
    "name": "Dancing with the Stars (season 31)",
    "premiere": "2022-09-19",
    "seasons": 1,
    "streamer": "disney+",
  },
  {
    "episodes": null,
    "finale": null,
    "id": "",
    "name": "Dancing with the Stars: The Pros' Most Memorable Dances",
    "premiere": "2022-09-08",
    "seasons": null,
    "streamer": "disney+",
  },
  {
    "episodes": null,
    "finale": null,
    "id": "",
    "name": "Doctor Who: The Star Beast",
    "premiere": "2023-11-25",
    "seasons": null,
    "streamer": "disney+",
  },
  {
    "episodes": null,
    "finale": null,
    "id": "",
    "name": "Doctor Who: Wild Blue Yonder",
    "premiere": "2023-12-02",
    "seasons": null,
    "streamer": "disney+",
  },
  {
    "episodes": null,
    "finale": null,
    "id": "",
    "name": "Doctor Who: The Giggle",
    "premiere": "2023-12-09",
    "seasons": null,
    "streamer": "disney+",
  },
  {
    "episodes": null,
    "finale": null,
    "id": "",
    "name": "Doctor Who: The Church on Ruby Road",
    "premiere": "2023-12-25",
    "seasons": null,
    "streamer": "disney+",
  },
  {
    "episodes": null,
    "finale": null,
    "id": "",
    "name": "Doctor Who: Joy to the World",
    "premiere": "2024-12-25",
    "seasons": null,
    "streamer": "disney+",
  },
  {
    "episodes": null,
    "finale": null,
    "id": "",
    "name": "Maggie Simpson in ‘The Force Awakens from Its Nap’",
    "premiere": "2021-05-04",
    "seasons": null,
    "streamer": "disney+",
  },
  {
    "episodes": null,
    "finale": null,
    "id": "",
    "name": "The Simpsons: The Good, the Bart, and the Loki",
    "premiere": "2021-07-07",
    "seasons": null,
    "streamer": "disney+",
  },
  {
    "episodes": null,
    "finale": null,
    "id": "",
    "name": "The Simpsons in Plusaversary",
    "premiere": "2021-11-12",
    "seasons": null,
    "streamer": "disney+",
  },
  {
    "episodes": null,
    "finale": null,
    "id": "",
    "name": "The Simpsons: When Billie Met Lisa",
    "premiere": "2022-04-22",
    "seasons": null,
    "streamer": "disney+",
  },
  {
    "episodes": null,
    "finale": null,
    "id": "",
    "name": "The Simpsons: Welcome to the Club",
    "premiere": "2022-09-08",
    "seasons": null,
    "streamer": "disney+",
  },
  {
    "episodes": null,
    "finale": null,
    "id": "",
    "name": "The Simpsons Meet the Bocellis in ‘Feliz Navidad’",
    "premiere": "2022-12-15",
    "seasons": null,
    "streamer": "disney+",
  },
  {
    "episodes": null,
    "finale": null,
    "id": "",
    "name": "Maggie Simpson in ‘Rogue Not Quite Oneʼ",
    "premiere": "2023-05-04",
    "seasons": null,
    "streamer": "disney+",
  },
  {
    "episodes": null,
    "finale": null,
    "id": "",
    "name": "The Simpsons: May the 12th Be With You",
    "premiere": "2024-05-10",
    "seasons": null,
    "streamer": "disney+",
  },
  {
    "episodes": null,
    "finale": null,
    "id": "",
    "name": "The Simpsons: The Most Wonderful Time of the Year",
    "premiere": "2024-10-11",
    "seasons": null,
    "streamer": "disney+",
  },
  {
    "episodes": null,
    "finale": null,
    "id": "",
    "name": "The Simpsons: O C'mon All Ye Faithful",
    "premiere": "2024-12-17",
    "seasons": null,
    "streamer": "disney+",
  },
  {
    "episodes": null,
    "finale": null,
    "id": "",
    "name": "The Simpsons: The Past and the Furious",
    "premiere": "2025-02-12",
    "seasons": null,
    "streamer": "disney+",
  },
  {
    "episodes": null,
    "finale": null,
    "id": "",
    "name": "The Simpsons: Yellow Planet",
    "premiere": "2025-04-22",
    "seasons": null,
    "streamer": "disney+",
  },
]
`;
