// Vitest Snapshot v1, https://vitest.dev/guide/snapshot.html

exports[`WikiPageTitlesScraperLive > getTitles gotScraping > original_titles.html 1`] = `
[
  {
    "episodes": 30,
    "finale": null,
    "id": "",
    "name": "True Detective",
    "premiere": "2014-01-12",
    "seasons": 4,
    "streamer": "hboMax",
  },
  {
    "episodes": 18,
    "finale": null,
    "id": "",
    "name": "Euphoria",
    "premiere": "2019-06-16",
    "seasons": 2,
    "streamer": "hboMax",
  },
  {
    "episodes": 21,
    "finale": null,
    "id": "",
    "name": "The White Lotus",
    "premiere": "2021-07-11",
    "seasons": 3,
    "streamer": "hboMax",
  },
  {
    "episodes": 25,
    "finale": null,
    "id": "",
    "name": "The Gilded Age",
    "premiere": "2022-01-24",
    "seasons": 3,
    "streamer": "hboMax",
  },
  {
    "episodes": 18,
    "finale": null,
    "id": "",
    "name": "House of the Dragon",
    "premiere": "2022-08-21",
    "seasons": 2,
    "streamer": "hboMax",
  },
  {
    "episodes": 16,
    "finale": null,
    "id": "",
    "name": "The Last of Us",
    "premiere": "2023-01-15",
    "seasons": 2,
    "streamer": "hboMax",
  },
  {
    "episodes": 6,
    "finale": null,
    "id": "",
    "name": "Dune: Prophecy",
    "premiere": "2024-11-17",
    "seasons": 1,
    "streamer": "hboMax",
  },
  {
    "episodes": 8,
    "finale": null,
    "id": "",
    "name": "It: Welcome to Derry",
    "premiere": "2025-10-26",
    "seasons": 1,
    "streamer": "hboMax",
  },
  {
    "episodes": 6,
    "finale": null,
    "id": "",
    "name": "A Knight of the Seven Kingdoms",
    "premiere": "2026-01-18",
    "seasons": 1,
    "streamer": "hboMax",
  },
  {
    "episodes": 21,
    "finale": null,
    "id": "",
    "name": "The Comeback",
    "premiere": "2005-06-05",
    "seasons": 2,
    "streamer": "hboMax",
  },
  {
    "episodes": 12,
    "finale": null,
    "id": "",
    "name": "The Rehearsal",
    "premiere": "2022-07-15",
    "seasons": 2,
    "streamer": "hboMax",
  },
  {
    "episodes": 6,
    "finale": null,
    "id": "",
    "name": "It's Florida, Man",
    "premiere": "2024-10-18",
    "seasons": 1,
    "streamer": "hboMax",
  },
  {
    "episodes": 8,
    "finale": null,
    "id": "",
    "name": "The Chair Company",
    "premiere": "2025-10-12",
    "seasons": 1,
    "streamer": "hboMax",
  },
  {
    "episodes": 8,
    "finale": null,
    "id": "",
    "name": "I Love LA",
    "premiere": "2025-11-02",
    "seasons": 1,
    "streamer": "hboMax",
  },
  {
    "episodes": 24,
    "finale": null,
    "id": "",
    "name": "Industry",
    "premiere": "2020-11-09",
    "seasons": 3,
    "streamer": "hboMax",
  },
  {
    "episodes": 8,
    "finale": null,
    "id": "",
    "name": "C.B. Strike (seasons 3–4)",
    "premiere": "2023-02-06",
    "seasons": 2,
    "streamer": "hboMax",
  },
  {
    "episodes": 6,
    "finale": null,
    "id": "",
    "name": "The Seduction",
    "premiere": "2025-11-14",
    "seasons": 1,
    "streamer": "hboMax",
  },
  {
    "episodes": 129,
    "finale": null,
    "id": "",
    "name": "Hard Knocks",
    "premiere": "2001-08-01",
    "seasons": 25,
    "streamer": "hboMax",
  },
  {
    "episodes": 17,
    "finale": null,
    "id": "",
    "name": "100 Foot Wave",
    "premiere": "2021-07-18",
    "seasons": 3,
    "streamer": "hboMax",
  },
  {
    "episodes": 3,
    "finale": null,
    "id": "",
    "name": "Alex vs ARod",
    "premiere": "2025-11-06",
    "seasons": null,
    "streamer": "hboMax",
  },
  {
    "episodes": 681,
    "finale": null,
    "id": "",
    "name": "Real Time with Bill Maher",
    "premiere": "2003-02-21",
    "seasons": 23,
    "streamer": "hboMax",
  },
  {
    "episodes": 321,
    "finale": null,
    "id": "",
    "name": "Last Week Tonight with John Oliver",
    "premiere": "2014-04-27",
    "seasons": 12,
    "streamer": "hboMax",
  },
  {
    "episodes": 8,
    "finale": null,
    "id": "",
    "name": "Lanterns",
    "premiere": "2026-01-01",
    "seasons": 1,
    "streamer": "hboMax",
  },
  {
    "episodes": 8,
    "finale": null,
    "id": "",
    "name": "Harry Potter",
    "premiere": "2027-01-01",
    "seasons": 1,
    "streamer": "hboMax",
  },
  {
    "episodes": 7,
    "finale": null,
    "id": "",
    "name": "DTF St. Louis",
    "premiere": "2026-01-01",
    "seasons": null,
    "streamer": "hboMax",
  },
  {
    "episodes": null,
    "finale": null,
    "id": "",
    "name": "Untitled Larry David/Barack Obama series",
    "premiere": null,
    "seasons": null,
    "streamer": "hboMax",
  },
  {
    "episodes": null,
    "finale": null,
    "id": "",
    "name": "Untitled Sharon Horgan series",
    "premiere": null,
    "seasons": null,
    "streamer": "hboMax",
  },
  {
    "episodes": 10,
    "finale": null,
    "id": "",
    "name": "Untitled Steve Carell series",
    "premiere": null,
    "seasons": 1,
    "streamer": "hboMax",
  },
  {
    "episodes": 6,
    "finale": null,
    "id": "",
    "name": "Half Man",
    "premiere": "2026-01-01",
    "seasons": 1,
    "streamer": "hboMax",
  },
  {
    "episodes": null,
    "finale": null,
    "id": "",
    "name": "War",
    "premiere": null,
    "seasons": null,
    "streamer": "hboMax",
  },
  {
    "episodes": 10,
    "finale": null,
    "id": "",
    "name": "First Day on Earth",
    "premiere": null,
    "seasons": 1,
    "streamer": "hboMax",
  },
  {
    "episodes": null,
    "finale": null,
    "id": "",
    "name": "Untitled Keiko docuseries",
    "premiere": null,
    "seasons": null,
    "streamer": "hboMax",
  },
  {
    "episodes": null,
    "finale": null,
    "id": "",
    "name": "Untitled United States men's national soccer team docuseries",
    "premiere": null,
    "seasons": null,
    "streamer": "hboMax",
  },
  {
    "episodes": null,
    "finale": null,
    "id": "",
    "name": "Untitled Mel Brooks docuseries",
    "premiere": null,
    "seasons": null,
    "streamer": "hboMax",
  },
  {
    "episodes": null,
    "finale": "1986-01-01",
    "id": "",
    "name": "Philip Marlowe, Private Eye",
    "premiere": "1983-01-01",
    "seasons": null,
    "streamer": "hboMax",
  },
  {
    "episodes": null,
    "finale": "1985-01-01",
    "id": "",
    "name": "Maximum Security",
    "premiere": "1984-01-01",
    "seasons": null,
    "streamer": "hboMax",
  },
  {
    "episodes": null,
    "finale": "2003-01-01",
    "id": "",
    "name": "Oz",
    "premiere": "1997-01-01",
    "seasons": null,
    "streamer": "hboMax",
  },
  {
    "episodes": null,
    "finale": "2007-01-01",
    "id": "",
    "name": "The Sopranos",
    "premiere": "1999-01-01",
    "seasons": null,
    "streamer": "hboMax",
  },
  {
    "episodes": null,
    "finale": "2005-01-01",
    "id": "",
    "name": "Six Feet Under",
    "premiere": "2001-01-01",
    "seasons": null,
    "streamer": "hboMax",
  },
  {
    "episodes": null,
    "finale": "2008-01-01",
    "id": "",
    "name": "The Wire",
    "premiere": "2002-01-01",
    "seasons": null,
    "streamer": "hboMax",
  },
  {
    "episodes": null,
    "finale": "2005-01-01",
    "id": "",
    "name": "Carnivàle",
    "premiere": "2003-01-01",
    "seasons": null,
    "streamer": "hboMax",
  },
  {
    "episodes": null,
    "finale": "2006-01-01",
    "id": "",
    "name": "Deadwood",
    "premiere": "2004-01-01",
    "seasons": null,
    "streamer": "hboMax",
  },
  {
    "episodes": null,
    "finale": "2007-01-01",
    "id": "",
    "name": "Rome",
    "premiere": "2005-01-01",
    "seasons": null,
    "streamer": "hboMax",
  },
  {
    "episodes": null,
    "finale": "2011-01-01",
    "id": "",
    "name": "Big Love",
    "premiere": "2006-01-01",
    "seasons": null,
    "streamer": "hboMax",
  },
  {
    "episodes": null,
    "finale": "2010-01-01",
    "id": "",
    "name": "Five Days",
    "premiere": "2007-01-01",
    "seasons": null,
    "streamer": "hboMax",
  },
  {
    "episodes": null,
    "finale": "2007-01-01",
    "id": "",
    "name": "John from Cincinnati",
    "premiere": "2007-01-01",
    "seasons": null,
    "streamer": "hboMax",
  },
  {
    "episodes": null,
    "finale": "2007-01-01",
    "id": "",
    "name": "Tell Me You Love Me",
    "premiere": "2007-01-01",
    "seasons": null,
    "streamer": "hboMax",
  },
  {
    "episodes": null,
    "finale": "2021-01-01",
    "id": "",
    "name": "In Treatment",
    "premiere": "2008-01-01",
    "seasons": null,
    "streamer": "hboMax",
  },
  {
    "episodes": null,
    "finale": "2014-01-01",
    "id": "",
    "name": "True Blood",
    "premiere": "2008-01-01",
    "seasons": null,
    "streamer": "hboMax",
  },
  {
    "episodes": null,
    "finale": "2014-01-01",
    "id": "",
    "name": "Boardwalk Empire",
    "premiere": "2010-01-01",
    "seasons": null,
    "streamer": "hboMax",
  },
  {
    "episodes": null,
    "finale": "2013-01-01",
    "id": "",
    "name": "Treme",
    "premiere": "2010-01-01",
    "seasons": null,
    "streamer": "hboMax",
  },
  {
    "episodes": null,
    "finale": "2019-01-01",
    "id": "",
    "name": "Game of Thrones",
    "premiere": "2011-01-01",
    "seasons": null,
    "streamer": "hboMax",
  },
  {
    "episodes": null,
    "finale": "2012-01-01",
    "id": "",
    "name": "Luck",
    "premiere": "2011-01-01",
    "seasons": null,
    "streamer": "hboMax",
  },
  {
    "episodes": null,
    "finale": "2014-01-01",
    "id": "",
    "name": "The Newsroom",
    "premiere": "2012-01-01",
    "seasons": null,
    "streamer": "hboMax",
  },
  {
    "episodes": null,
    "finale": "2017-01-01",
    "id": "",
    "name": "The Leftovers",
    "premiere": "2014-01-01",
    "seasons": null,
    "streamer": "hboMax",
  },
  {
    "episodes": null,
    "finale": "2016-01-01",
    "id": "",
    "name": "Vinyl",
    "premiere": "2016-01-01",
    "seasons": null,
    "streamer": "hboMax",
  },
  {
    "episodes": null,
    "finale": "2022-01-01",
    "id": "",
    "name": "Westworld",
    "premiere": "2016-01-01",
    "seasons": null,
    "streamer": "hboMax",
  },
  {
    "episodes": null,
    "finale": "2019-01-01",
    "id": "",
    "name": "Big Little Lies",
    "premiere": "2017-01-01",
    "seasons": null,
    "streamer": "hboMax",
  },
  {
    "episodes": null,
    "finale": "2019-01-01",
    "id": "",
    "name": "The Deuce",
    "premiere": "2017-01-01",
    "seasons": null,
    "streamer": "hboMax",
  },
  {
    "episodes": null,
    "finale": "2018-01-01",
    "id": "",
    "name": "Here and Now",
    "premiere": "2018-01-01",
    "seasons": null,
    "streamer": "hboMax",
  },
  {
    "episodes": null,
    "finale": "2023-01-01",
    "id": "",
    "name": "Succession",
    "premiere": "2018-01-01",
    "seasons": null,
    "streamer": "hboMax",
  },
  {
    "episodes": null,
    "finale": "2024-01-01",
    "id": "",
    "name": "My Brilliant Friend",
    "premiere": "2018-01-01",
    "seasons": null,
    "streamer": "hboMax",
  },
  {
    "episodes": null,
    "finale": "2022-01-01",
    "id": "",
    "name": "Gentleman Jack",
    "premiere": "2019-01-01",
    "seasons": null,
    "streamer": "hboMax",
  },
  {
    "episodes": null,
    "finale": "2022-01-01",
    "id": "",
    "name": "His Dark Materials",
    "premiere": "2019-01-01",
    "seasons": null,
    "streamer": "hboMax",
  },
  {
    "episodes": null,
    "finale": "2023-01-01",
    "id": "",
    "name": "Perry Mason",
    "premiere": "2020-01-01",
    "seasons": null,
    "streamer": "hboMax",
  },
  {
    "episodes": null,
    "finale": "2020-01-01",
    "id": "",
    "name": "Lovecraft Country",
    "premiere": "2020-01-01",
    "seasons": null,
    "streamer": "hboMax",
  },
  {
    "episodes": null,
    "finale": "2021-01-01",
    "id": "",
    "name": "The Nevers",
    "premiere": "2021-01-01",
    "seasons": null,
    "streamer": "hboMax",
  },
  {
    "episodes": null,
    "finale": "2023-01-01",
    "id": "",
    "name": "Winning Time: The Rise of the Lakers Dynasty",
    "premiere": "2022-01-01",
    "seasons": null,
    "streamer": "hboMax",
  },
  {
    "episodes": null,
    "finale": "2022-01-01",
    "id": "",
    "name": "The Time Traveler's Wife",
    "premiere": "2022-01-01",
    "seasons": null,
    "streamer": "hboMax",
  },
  {
    "episodes": null,
    "finale": "2023-01-01",
    "id": "",
    "name": "The Idol",
    "premiere": "2023-01-01",
    "seasons": null,
    "streamer": "hboMax",
  },
  {
    "episodes": null,
    "finale": "1990-01-01",
    "id": "",
    "name": "Not Necessarily the News",
    "premiere": "1983-01-01",
    "seasons": null,
    "streamer": "hboMax",
  },
  {
    "episodes": null,
    "finale": "1991-01-01",
    "id": "",
    "name": "1st & Ten",
    "premiere": "1984-01-01",
    "seasons": null,
    "streamer": "hboMax",
  },
  {
    "episodes": null,
    "finale": "1990-01-01",
    "id": "",
    "name": "Encyclopedia Brown",
    "premiere": "1989-01-01",
    "seasons": null,
    "streamer": "hboMax",
  },
  {
    "episodes": null,
    "finale": "1995-01-01",
    "id": "",
    "name": "The Kids in the Hall",
    "premiere": "1989-01-01",
    "seasons": null,
    "streamer": "hboMax",
  },
  {
    "episodes": null,
    "finale": "1990-01-01",
    "id": "",
    "name": "The Baby-Sitters Club",
    "premiere": "1990-01-01",
    "seasons": null,
    "streamer": "hboMax",
  },
  {
    "episodes": null,
    "finale": "1996-01-01",
    "id": "",
    "name": "Dream On",
    "premiere": "1990-01-01",
    "seasons": null,
    "streamer": "hboMax",
  },
  {
    "episodes": null,
    "finale": "1994-01-01",
    "id": "",
    "name": "Hardcore TV",
    "premiere": "1992-01-01",
    "seasons": null,
    "streamer": "hboMax",
  },
  {
    "episodes": null,
    "finale": "1998-01-01",
    "id": "",
    "name": "The Larry Sanders Show",
    "premiere": "1992-01-01",
    "seasons": null,
    "streamer": "hboMax",
  },
  {
    "episodes": null,
    "finale": "1998-01-01",
    "id": "",
    "name": "Mr. Show with Bob and David",
    "premiere": "1995-01-01",
    "seasons": null,
    "streamer": "hboMax",
  },
  {
    "episodes": null,
    "finale": "2002-01-01",
    "id": "",
    "name": "Arliss",
    "premiere": "1996-01-01",
    "seasons": null,
    "streamer": "hboMax",
  },
  {
    "episodes": null,
    "finale": "1996-01-01",
    "id": "",
    "name": "The High Life",
    "premiere": "1996-01-01",
    "seasons": null,
    "streamer": "hboMax",
  },
  {
    "episodes": null,
    "finale": "1999-01-01",
    "id": "",
    "name": "Tracey Takes On...",
    "premiere": "1996-01-01",
    "seasons": null,
    "streamer": "hboMax",
  },
  {
    "episodes": null,
    "finale": "2000-01-01",
    "id": "",
    "name": "Tenacious D",
    "premiere": "1997-01-01",
    "seasons": null,
    "streamer": "hboMax",
  },
  {
    "episodes": null,
    "finale": "2004-01-01",
    "id": "",
    "name": "Sex and the City",
    "premiere": "1998-01-01",
    "seasons": null,
    "streamer": "hboMax",
  },
  {
    "episodes": null,
    "finale": "2024-01-01",
    "id": "",
    "name": "Curb Your Enthusiasm",
    "premiere": "2000-01-01",
    "seasons": null,
    "streamer": "hboMax",
  },
  {
    "episodes": null,
    "finale": "2002-01-01",
    "id": "",
    "name": "The Mind of the Married Man",
    "premiere": "2001-01-01",
    "seasons": null,
    "streamer": "hboMax",
  },
  {
    "episodes": null,
    "finale": "2004-01-01",
    "id": "",
    "name": "Da Ali G Show",
    "premiere": "2003-01-01",
    "seasons": null,
    "streamer": "hboMax",
  },
  {
    "episodes": null,
    "finale": "2003-01-01",
    "id": "",
    "name": "K Street",
    "premiere": "2003-01-01",
    "seasons": null,
    "streamer": "hboMax",
  },
  {
    "episodes": null,
    "finale": "2011-01-01",
    "id": "",
    "name": "Entourage",
    "premiere": "2004-01-01",
    "seasons": null,
    "streamer": "hboMax",
  },
  {
    "episodes": null,
    "finale": "2007-01-01",
    "id": "",
    "name": "Extras",
    "premiere": "2005-01-01",
    "seasons": null,
    "streamer": "hboMax",
  },
  {
    "episodes": null,
    "finale": "2005-01-01",
    "id": "",
    "name": "Unscripted",
    "premiere": "2005-01-01",
    "seasons": null,
    "streamer": "hboMax",
  },
  {
    "episodes": null,
    "finale": "2006-01-01",
    "id": "",
    "name": "Lucky Louie",
    "premiere": "2006-01-01",
    "seasons": null,
    "streamer": "hboMax",
  },
  {
    "episodes": null,
    "finale": "2009-01-01",
    "id": "",
    "name": "Flight of the Conchords",
    "premiere": "2007-01-01",
    "seasons": null,
    "streamer": "hboMax",
  },
  {
    "episodes": null,
    "finale": "2008-01-01",
    "id": "",
    "name": "Little Britain USA",
    "premiere": "2008-01-01",
    "seasons": null,
    "streamer": "hboMax",
  },
  {
    "episodes": null,
    "finale": "2011-01-01",
    "id": "",
    "name": "Bored to Death",
    "premiere": "2009-01-01",
    "seasons": null,
    "streamer": "hboMax",
  },
  {
    "episodes": null,
    "finale": "2013-01-01",
    "id": "",
    "name": "Eastbound & Down",
    "premiere": "2009-01-01",
    "seasons": null,
    "streamer": "hboMax",
  },
  {
    "episodes": null,
    "finale": "2011-01-01",
    "id": "",
    "name": "Hung",
    "premiere": "2009-01-01",
    "seasons": null,
    "streamer": "hboMax",
  },
  {
    "episodes": null,
    "finale": "2009-01-01",
    "id": "",
    "name": "The No. 1 Ladies' Detective Agency",
    "premiere": "2009-01-01",
    "seasons": null,
    "streamer": "hboMax",
  },
  {
    "episodes": null,
    "finale": "2011-01-01",
    "id": "",
    "name": "Funny or Die Presents",
    "premiere": "2010-01-01",
    "seasons": null,
    "streamer": "hboMax",
  },
  {
    "episodes": null,
    "finale": "2011-01-01",
    "id": "",
    "name": "How to Make It in America",
    "premiere": "2010-01-01",
    "seasons": null,
    "streamer": "hboMax",
  },
  {
    "episodes": null,
    "finale": "2010-01-01",
    "id": "",
    "name": "The Neistat Brothers",
    "premiere": "2010-01-01",
    "seasons": null,
    "streamer": "hboMax",
  },
  {
    "episodes": null,
    "finale": "2013-01-01",
    "id": "",
    "name": "Enlightened",
    "premiere": "2011-01-01",
    "seasons": null,
    "streamer": "hboMax",
  },
  {
    "episodes": null,
    "finale": "2012-01-01",
    "id": "",
    "name": "The Boring Life of Jacqueline",
    "premiere": "2012-01-01",
    "seasons": null,
    "streamer": "hboMax",
  },
  {
    "episodes": null,
    "finale": "2017-01-01",
    "id": "",
    "name": "Girls",
    "premiere": "2012-01-01",
    "seasons": null,
    "streamer": "hboMax",
  },
  {
    "episodes": null,
    "finale": "2013-01-01",
    "id": "",
    "name": "Life's Too Short",
    "premiere": "2012-01-01",
    "seasons": null,
    "streamer": "hboMax",
  },
  {
    "episodes": null,
    "finale": "2019-01-01",
    "id": "",
    "name": "Veep",
    "premiere": "2012-01-01",
    "seasons": null,
    "streamer": "hboMax",
  },
  {
    "episodes": null,
    "finale": "2013-01-01",
    "id": "",
    "name": "Family Tree",
    "premiere": "2013-01-01",
    "seasons": null,
    "streamer": "hboMax",
  },
  {
    "episodes": null,
    "finale": "2015-01-01",
    "id": "",
    "name": "Getting On",
    "premiere": "2013-01-01",
    "seasons": null,
    "streamer": "hboMax",
  },
  {
    "episodes": null,
    "finale": "2014-01-01",
    "id": "",
    "name": "Hello Ladies",
    "premiere": "2013-01-01",
    "seasons": null,
    "streamer": "hboMax",
  },
  {
    "episodes": null,
    "finale": "2016-01-01",
    "id": "",
    "name": "Looking",
    "premiere": "2014-01-01",
    "seasons": null,
    "streamer": "hboMax",
  },
  {
    "episodes": null,
    "finale": "2019-01-01",
    "id": "",
    "name": "Silicon Valley",
    "premiere": "2014-01-01",
    "seasons": null,
    "streamer": "hboMax",
  },
  {
    "episodes": null,
    "finale": "2019-01-01",
    "id": "",
    "name": "Ballers",
    "premiere": "2015-01-01",
    "seasons": null,
    "streamer": "hboMax",
  },
  {
    "episodes": null,
    "finale": "2015-01-01",
    "id": "",
    "name": "The Brink",
    "premiere": "2015-01-01",
    "seasons": null,
    "streamer": "hboMax",
  },
  {
    "episodes": null,
    "finale": "2016-01-01",
    "id": "",
    "name": "Togetherness",
    "premiere": "2015-01-01",
    "seasons": null,
    "streamer": "hboMax",
  },
  {
    "episodes": null,
    "finale": "2019-01-01",
    "id": "",
    "name": "Divorce",
    "premiere": "2016-01-01",
    "seasons": null,
    "streamer": "hboMax",
  },
  {
    "episodes": null,
    "finale": "2020-01-01",
    "id": "",
    "name": "High Maintenance",
    "premiere": "2016-01-01",
    "seasons": null,
    "streamer": "hboMax",
  },
  {
    "episodes": null,
    "finale": "2021-01-01",
    "id": "",
    "name": "Insecure",
    "premiere": "2016-01-01",
    "seasons": null,
    "streamer": "hboMax",
  },
  {
    "episodes": null,
    "finale": "2017-01-01",
    "id": "",
    "name": "Vice Principals",
    "premiere": "2016-01-01",
    "seasons": null,
    "streamer": "hboMax",
  },
  {
    "episodes": null,
    "finale": "2019-01-01",
    "id": "",
    "name": "Crashing",
    "premiere": "2017-01-01",
    "seasons": null,
    "streamer": "hboMax",
  },
  {
    "episodes": null,
    "finale": "2023-01-01",
    "id": "",
    "name": "Barry",
    "premiere": "2018-01-01",
    "seasons": null,
    "streamer": "hboMax",
  },
  {
    "episodes": null,
    "finale": "2018-01-01",
    "id": "",
    "name": "Camping",
    "premiere": "2018-01-01",
    "seasons": null,
    "streamer": "hboMax",
  },
  {
    "episodes": null,
    "finale": "2022-01-01",
    "id": "",
    "name": "Random Acts of Flyness",
    "premiere": "2018-01-01",
    "seasons": null,
    "streamer": "hboMax",
  },
  {
    "episodes": null,
    "finale": "2018-01-01",
    "id": "",
    "name": "Sally4Ever",
    "premiere": "2018-01-01",
    "seasons": null,
    "streamer": "hboMax",
  },
  {
    "episodes": null,
    "finale": "2022-01-01",
    "id": "",
    "name": "Los Espookys",
    "premiere": "2019-01-01",
    "seasons": null,
    "streamer": "hboMax",
  },
  {
    "episodes": null,
    "finale": "2023-01-01",
    "id": "",
    "name": "A Black Lady Sketch Show",
    "premiere": "2019-01-01",
    "seasons": null,
    "streamer": "hboMax",
  },
  {
    "episodes": null,
    "finale": "2025-01-01",
    "id": "",
    "name": "The Righteous Gemstones",
    "premiere": "2019-01-01",
    "seasons": null,
    "streamer": "hboMax",
  },
  {
    "episodes": null,
    "finale": "2022-01-01",
    "id": "",
    "name": "Avenue 5",
    "premiere": "2020-01-01",
    "seasons": null,
    "streamer": "hboMax",
  },
  {
    "episodes": null,
    "finale": "2021-01-01",
    "id": "",
    "name": "Betty",
    "premiere": "2020-01-01",
    "seasons": null,
    "streamer": "hboMax",
  },
  {
    "episodes": null,
    "finale": "2020-01-01",
    "id": "",
    "name": "Run",
    "premiere": "2020-01-01",
    "seasons": null,
    "streamer": "hboMax",
  },
  {
    "episodes": null,
    "finale": "2024-01-01",
    "id": "",
    "name": "Somebody Somewhere",
    "premiere": "2022-01-01",
    "seasons": null,
    "streamer": "hboMax",
  },
  {
    "episodes": null,
    "finale": "2023-01-01",
    "id": "",
    "name": "Rain Dogs",
    "premiere": "2023-01-01",
    "seasons": null,
    "streamer": "hboMax",
  },
  {
    "episodes": null,
    "finale": "2024-01-01",
    "id": "",
    "name": "Fantasmas",
    "premiere": "2024-01-01",
    "seasons": null,
    "streamer": "hboMax",
  },
  {
    "episodes": null,
    "finale": "2024-01-01",
    "id": "",
    "name": "The Franchise",
    "premiere": "2024-01-01",
    "seasons": null,
    "streamer": "hboMax",
  },
  {
    "episodes": null,
    "finale": "1987-01-01",
    "id": "",
    "name": "The Hitchhiker",
    "premiere": "1983-01-01",
    "seasons": null,
    "streamer": "hboMax",
  },
  {
    "episodes": null,
    "finale": "1986-01-01",
    "id": "",
    "name": "The Ray Bradbury Theater",
    "premiere": "1985-01-01",
    "seasons": null,
    "streamer": "hboMax",
  },
  {
    "episodes": null,
    "finale": "1996-01-01",
    "id": "",
    "name": "Tales from the Crypt",
    "premiere": "1989-01-01",
    "seasons": null,
    "streamer": "hboMax",
  },
  {
    "episodes": null,
    "finale": "1996-01-01",
    "id": "",
    "name": "Lifestories: Families in Crisis",
    "premiere": "1992-01-01",
    "seasons": null,
    "streamer": "hboMax",
  },
  {
    "episodes": null,
    "finale": "1993-01-01",
    "id": "",
    "name": "Hotel Room",
    "premiere": "1993-01-01",
    "seasons": null,
    "streamer": "hboMax",
  },
  {
    "episodes": null,
    "finale": "1997-01-01",
    "id": "",
    "name": "Perversions of Science",
    "premiere": "1997-01-01",
    "seasons": null,
    "streamer": "hboMax",
  },
  {
    "episodes": null,
    "finale": "2020-01-01",
    "id": "",
    "name": "Room 104",
    "premiere": "2017-01-01",
    "seasons": null,
    "streamer": "hboMax",
  },
  {
    "episodes": null,
    "finale": "2022-01-01",
    "id": "",
    "name": "Folklore",
    "premiere": "2018-01-01",
    "seasons": null,
    "streamer": "hboMax",
  },
  {
    "episodes": null,
    "finale": "1997-01-01",
    "id": "",
    "name": "Spicy City",
    "premiere": "1997-01-01",
    "seasons": null,
    "streamer": "hboMax",
  },
  {
    "episodes": null,
    "finale": "1999-01-01",
    "id": "",
    "name": "Todd McFarlane's Spawn",
    "premiere": "1997-01-01",
    "seasons": null,
    "streamer": "hboMax",
  },
  {
    "episodes": null,
    "finale": "2012-01-01",
    "id": "",
    "name": "The Life & Times of Tim",
    "premiere": "2008-01-01",
    "seasons": null,
    "streamer": "hboMax",
  },
  {
    "episodes": null,
    "finale": "2012-01-01",
    "id": "",
    "name": "The Ricky Gervais Show",
    "premiere": "2010-01-01",
    "seasons": null,
    "streamer": "hboMax",
  },
  {
    "episodes": null,
    "finale": "2018-01-01",
    "id": "",
    "name": "Animals",
    "premiere": "2016-01-01",
    "seasons": null,
    "streamer": "hboMax",
  },
  {
    "episodes": null,
    "finale": "1987-03-30",
    "id": "",
    "name": "Fraggle Rock",
    "premiere": "1983-01-10",
    "seasons": null,
    "streamer": "hboMax",
  },
  {
    "episodes": null,
    "finale": "1994-01-01",
    "id": "",
    "name": "HBO Storybook Musicals",
    "premiere": "1987-01-01",
    "seasons": null,
    "streamer": "hboMax",
  },
  {
    "episodes": null,
    "finale": "1989-01-01",
    "id": "",
    "name": "Seabert",
    "premiere": "1987-01-01",
    "seasons": null,
    "streamer": "hboMax",
  },
  {
    "episodes": null,
    "finale": "2000-01-01",
    "id": "",
    "name": "Happily Ever After: Fairy Tales for Every Child",
    "premiere": "1995-01-01",
    "seasons": null,
    "streamer": "hboMax",
  },
  {
    "episodes": null,
    "finale": "1999-01-01",
    "id": "",
    "name": "The Little Lulu Show",
    "premiere": "1995-01-01",
    "seasons": null,
    "streamer": "hboMax",
  },
  {
    "episodes": null,
    "finale": "1996-01-01",
    "id": "",
    "name": "The Neverending Story",
    "premiere": "1995-01-01",
    "seasons": null,
    "streamer": "hboMax",
  },
  {
    "episodes": null,
    "finale": "2000-01-01",
    "id": "",
    "name": "Tales from the Neverending Story",
    "premiere": "1996-01-01",
    "seasons": null,
    "streamer": "hboMax",
  },
  {
    "episodes": null,
    "finale": "2000-01-01",
    "id": "",
    "name": "The Adventures of Paddington Bear",
    "premiere": "1998-01-01",
    "seasons": null,
    "streamer": "hboMax",
  },
  {
    "episodes": null,
    "finale": "2001-01-01",
    "id": "",
    "name": "The Country Mouse and the City Mouse Adventures",
    "premiere": "1998-01-01",
    "seasons": null,
    "streamer": "hboMax",
  },
  {
    "episodes": null,
    "finale": "2000-01-01",
    "id": "",
    "name": "A Little Curious",
    "premiere": "1998-01-01",
    "seasons": null,
    "streamer": "hboMax",
  },
  {
    "episodes": null,
    "finale": "2000-01-01",
    "id": "",
    "name": "Crashbox",
    "premiere": "1999-01-01",
    "seasons": null,
    "streamer": "hboMax",
  },
  {
    "episodes": null,
    "finale": "2001-01-01",
    "id": "",
    "name": "30 by 30: Kid Flicks",
    "premiere": "1999-01-01",
    "seasons": null,
    "streamer": "hboMax",
  },
  {
    "episodes": null,
    "finale": "1999-01-01",
    "id": "",
    "name": "Anthony Ant",
    "premiere": "1999-01-01",
    "seasons": null,
    "streamer": "hboMax",
  },
  {
    "episodes": null,
    "finale": "2000-01-01",
    "id": "",
    "name": "George and Martha",
    "premiere": "1999-01-01",
    "seasons": null,
    "streamer": "hboMax",
  },
  {
    "episodes": null,
    "finale": "2004-01-01",
    "id": "",
    "name": "Rainbow Fish",
    "premiere": "1999-01-01",
    "seasons": null,
    "streamer": "hboMax",
  },
  {
    "episodes": null,
    "finale": "2006-01-01",
    "id": "",
    "name": "Animated Tales of the World",
    "premiere": "2001-01-01",
    "seasons": null,
    "streamer": "hboMax",
  },
  {
    "episodes": null,
    "finale": "2002-01-01",
    "id": "",
    "name": "Harold and the Purple Crayon",
    "premiere": "2001-01-01",
    "seasons": null,
    "streamer": "hboMax",
  },
  {
    "episodes": null,
    "finale": "2003-01-01",
    "id": "",
    "name": "I Spy",
    "premiere": "2002-01-01",
    "seasons": null,
    "streamer": "hboMax",
  },
  {
    "episodes": null,
    "finale": "2003-01-01",
    "id": "",
    "name": "Stuart Little",
    "premiere": "2002-01-01",
    "seasons": null,
    "streamer": "hboMax",
  },
  {
    "episodes": null,
    "finale": "2008-01-01",
    "id": "",
    "name": "Classical Baby",
    "premiere": "2005-01-01",
    "seasons": null,
    "streamer": "hboMax",
  },
  {
    "episodes": null,
    "finale": "2020-07-11",
    "id": "",
    "name": "Sesame Street",
    "premiere": "2016-01-16",
    "seasons": null,
    "streamer": "hboMax",
  },
  {
    "episodes": null,
    "finale": "2019-01-01",
    "id": "",
    "name": "Esme & Roy",
    "premiere": "2018-01-01",
    "seasons": null,
    "streamer": "hboMax",
  },
  {
    "episodes": null,
    "finale": "1980-01-01",
    "id": "",
    "name": "Time Was...",
    "premiere": "1979-01-01",
    "seasons": null,
    "streamer": "hboMax",
  },
  {
    "episodes": null,
    "finale": "1981-01-01",
    "id": "",
    "name": "Beautiful, Baby, Beautiful",
    "premiere": "1980-01-01",
    "seasons": null,
    "streamer": "hboMax",
  },
  {
    "episodes": null,
    "finale": "1982-01-01",
    "id": "",
    "name": "Yesteryear",
    "premiere": "1982-01-01",
    "seasons": null,
    "streamer": "hboMax",
  },
  {
    "episodes": null,
    "finale": "2006-01-01",
    "id": "",
    "name": "America Undercover",
    "premiere": "1983-01-01",
    "seasons": null,
    "streamer": "hboMax",
  },
  {
    "episodes": null,
    "finale": "2009-01-01",
    "id": "",
    "name": "Real Sex",
    "premiere": "1992-01-01",
    "seasons": null,
    "streamer": "hboMax",
  },
  {
    "episodes": null,
    "finale": "2008-01-01",
    "id": "",
    "name": "Autopsy",
    "premiere": "1994-01-01",
    "seasons": null,
    "streamer": "hboMax",
  },
  {
    "episodes": null,
    "finale": "2006-01-01",
    "id": "",
    "name": "Taxicab Confessions",
    "premiere": "1995-01-01",
    "seasons": null,
    "streamer": "hboMax",
  },
  {
    "episodes": null,
    "finale": "2000-01-01",
    "id": "",
    "name": "G String Divas",
    "premiere": "2000-01-01",
    "seasons": null,
    "streamer": "hboMax",
  },
  {
    "episodes": null,
    "finale": "2001-01-01",
    "id": "",
    "name": "Freshman Year",
    "premiere": "2001-01-01",
    "seasons": null,
    "streamer": "hboMax",
  },
  {
    "episodes": null,
    "finale": "2001-01-01",
    "id": "",
    "name": "Kindergarten",
    "premiere": "2001-01-01",
    "seasons": null,
    "streamer": "hboMax",
  },
  {
    "episodes": null,
    "finale": "2015-01-01",
    "id": "",
    "name": "Project Greenlight",
    "premiere": "2001-01-01",
    "seasons": null,
    "streamer": "hboMax",
  },
  {
    "episodes": null,
    "finale": "2008-01-01",
    "id": "",
    "name": "Cathouse: The Series",
    "premiere": "2004-01-01",
    "seasons": null,
    "streamer": "hboMax",
  },
  {
    "episodes": null,
    "finale": "2004-01-01",
    "id": "",
    "name": "Family Bonds",
    "premiere": "2004-01-01",
    "seasons": null,
    "streamer": "hboMax",
  },
  {
    "episodes": null,
    "finale": "2004-01-01",
    "id": "",
    "name": "Pornucopia",
    "premiere": "2004-01-01",
    "seasons": null,
    "streamer": "hboMax",
  },
  {
    "episodes": null,
    "finale": "2006-01-01",
    "id": "",
    "name": "Dane Cook's Tourgasm",
    "premiere": "2006-01-01",
    "seasons": null,
    "streamer": "hboMax",
  },
  {
    "episodes": null,
    "finale": "2014-01-01",
    "id": "",
    "name": "Masterclass",
    "premiere": "2010-01-01",
    "seasons": null,
    "streamer": "hboMax",
  },
  {
    "episodes": null,
    "finale": "2012-01-01",
    "id": "",
    "name": "On Freddie Roach",
    "premiere": "2012-01-01",
    "seasons": null,
    "streamer": "hboMax",
  },
  {
    "episodes": null,
    "finale": "2018-01-01",
    "id": "",
    "name": "Vice",
    "premiere": "2013-01-01",
    "seasons": null,
    "streamer": "hboMax",
  },
  {
    "episodes": null,
    "finale": "2014-01-01",
    "id": "",
    "name": "Foo Fighters: Sonic Highways",
    "premiere": "2014-01-01",
    "seasons": null,
    "streamer": "hboMax",
  },
  {
    "episodes": null,
    "finale": "2024-01-01",
    "id": "",
    "name": "The Jinx",
    "premiere": "2015-01-01",
    "seasons": null,
    "streamer": "hboMax",
  },
  {
    "episodes": null,
    "finale": "2017-01-01",
    "id": "",
    "name": "The Defiant Ones",
    "premiere": "2017-01-01",
    "seasons": null,
    "streamer": "hboMax",
  },
  {
    "episodes": null,
    "finale": "2021-01-01",
    "id": "",
    "name": "Axios",
    "premiere": "2018-01-01",
    "seasons": null,
    "streamer": "hboMax",
  },
  {
    "episodes": null,
    "finale": "2019-01-01",
    "id": "",
    "name": "Wyatt Cenac's Problem Areas",
    "premiere": "2018-01-01",
    "seasons": null,
    "streamer": "hboMax",
  },
  {
    "episodes": null,
    "finale": "2019-01-01",
    "id": "",
    "name": "On Tour with Asperger's Are Us",
    "premiere": "2019-01-01",
    "seasons": null,
    "streamer": "hboMax",
  },
  {
    "episodes": null,
    "finale": "2025-01-01",
    "id": "",
    "name": "The Case Against Adnan Syed",
    "premiere": "2019-01-01",
    "seasons": null,
    "streamer": "hboMax",
  },
  {
    "episodes": null,
    "finale": "2020-01-01",
    "id": "",
    "name": "Atlanta's Missing and Murdered: The Lost Children",
    "premiere": "2020-01-01",
    "seasons": null,
    "streamer": "hboMax",
  },
  {
    "episodes": null,
    "finale": "2020-01-01",
    "id": "",
    "name": "The Cost of Winning",
    "premiere": "2020-01-01",
    "seasons": null,
    "streamer": "hboMax",
  },
  {
    "episodes": null,
    "finale": "2023-01-01",
    "id": "",
    "name": "How To with John Wilson",
    "premiere": "2020-01-01",
    "seasons": null,
    "streamer": "hboMax",
  },
  {
    "episodes": null,
    "finale": "2020-01-01",
    "id": "",
    "name": "I'll Be Gone in the Dark",
    "premiere": "2020-01-01",
    "seasons": null,
    "streamer": "hboMax",
  },
  {
    "episodes": null,
    "finale": "2020-01-01",
    "id": "",
    "name": "McMillions",
    "premiere": "2020-01-01",
    "seasons": null,
    "streamer": "hboMax",
  },
  {
    "episodes": null,
    "finale": "2020-01-01",
    "id": "",
    "name": "Murder on Middle Beach",
    "premiere": "2020-01-01",
    "seasons": null,
    "streamer": "hboMax",
  },
  {
    "episodes": null,
    "finale": "2020-01-01",
    "id": "",
    "name": "Seeing America With Megan Rapinoe",
    "premiere": "2020-01-01",
    "seasons": null,
    "streamer": "hboMax",
  },
  {
    "episodes": null,
    "finale": "2022-01-01",
    "id": "",
    "name": "The Vow",
    "premiere": "2020-01-01",
    "seasons": null,
    "streamer": "hboMax",
  },
  {
    "episodes": null,
    "finale": "2021-01-01",
    "id": "",
    "name": "Allen v. Farrow",
    "premiere": "2021-01-01",
    "seasons": null,
    "streamer": "hboMax",
  },
  {
    "episodes": null,
    "finale": "2021-01-01",
    "id": "",
    "name": "Black and Missing",
    "premiere": "2021-01-01",
    "seasons": null,
    "streamer": "hboMax",
  },
  {
    "episodes": null,
    "finale": "2021-01-01",
    "id": "",
    "name": "Catch and Kill: The Podcast Tapes",
    "premiere": "2021-01-01",
    "seasons": null,
    "streamer": "hboMax",
  },
  {
    "episodes": null,
    "finale": "2021-01-01",
    "id": "",
    "name": "Exterminate All the Brutes",
    "premiere": "2021-01-01",
    "seasons": null,
    "streamer": "hboMax",
  },
  {
    "episodes": null,
    "finale": "2021-01-01",
    "id": "",
    "name": "The Lady and the Dale",
    "premiere": "2021-01-01",
    "seasons": null,
    "streamer": "hboMax",
  },
  {
    "episodes": null,
    "finale": "2021-01-01",
    "id": "",
    "name": "Level Playing Field",
    "premiere": "2021-01-01",
    "seasons": null,
    "streamer": "hboMax",
  },
  {
    "episodes": null,
    "finale": "2021-01-01",
    "id": "",
    "name": "NYC Epicenters 9/11→2021½",
    "premiere": "2021-01-01",
    "seasons": null,
    "streamer": "hboMax",
  },
  {
    "episodes": null,
    "finale": "2021-01-01",
    "id": "",
    "name": "Nuclear Family",
    "premiere": "2021-01-01",
    "seasons": null,
    "streamer": "hboMax",
  },
  {
    "episodes": null,
    "finale": "2023-01-01",
    "id": "",
    "name": "Painting with John",
    "premiere": "2021-01-01",
    "seasons": null,
    "streamer": "hboMax",
  },
  {
    "episodes": null,
    "finale": "2021-01-01",
    "id": "",
    "name": "Pray, Obey, Kill",
    "premiere": "2021-01-01",
    "seasons": null,
    "streamer": "hboMax",
  },
  {
    "episodes": null,
    "finale": "2021-01-01",
    "id": "",
    "name": "Q: Into the Storm",
    "premiere": "2021-01-01",
    "seasons": null,
    "streamer": "hboMax",
  },
  {
    "episodes": null,
    "finale": "2021-01-01",
    "id": "",
    "name": "Small Town News: KPVM Pahrump",
    "premiere": "2021-01-01",
    "seasons": null,
    "streamer": "hboMax",
  },
  {
    "episodes": null,
    "finale": "2022-01-01",
    "id": "",
    "name": "The Anarchists",
    "premiere": "2022-01-01",
    "seasons": null,
    "streamer": "hboMax",
  },
  {
    "episodes": null,
    "finale": "2022-01-01",
    "id": "",
    "name": "Edge of the Earth",
    "premiere": "2022-01-01",
    "seasons": null,
    "streamer": "hboMax",
  },
  {
    "episodes": null,
    "finale": "2022-01-01",
    "id": "",
    "name": "Mind Over Murder",
    "premiere": "2022-01-01",
    "seasons": null,
    "streamer": "hboMax",
  },
  {
    "episodes": null,
    "finale": "2022-01-01",
    "id": "",
    "name": "Phoenix Rising",
    "premiere": "2022-01-01",
    "seasons": null,
    "streamer": "hboMax",
  },
  {
    "episodes": null,
    "finale": "2022-01-01",
    "id": "",
    "name": "Hostages",
    "premiere": "2022-01-01",
    "seasons": null,
    "streamer": "hboMax",
  },
  {
    "episodes": null,
    "finale": "2022-01-01",
    "id": "",
    "name": "Shaq",
    "premiere": "2022-01-01",
    "seasons": null,
    "streamer": "hboMax",
  },
  {
    "episodes": null,
    "finale": "2022-01-01",
    "id": "",
    "name": "Unveiled: Surviving La Luz del Mundo",
    "premiere": "2022-01-01",
    "seasons": null,
    "streamer": "hboMax",
  },
  {
    "episodes": null,
    "finale": "2022-01-01",
    "id": "",
    "name": "Branson",
    "premiere": "2022-01-01",
    "seasons": null,
    "streamer": "hboMax",
  },
  {
    "episodes": null,
    "finale": "2022-01-01",
    "id": "",
    "name": "Sex Diaries",
    "premiere": "2022-01-01",
    "seasons": null,
    "streamer": "hboMax",
  },
  {
    "episodes": null,
    "finale": "2023-01-01",
    "id": "",
    "name": "Angel City",
    "premiere": "2023-01-01",
    "seasons": null,
    "streamer": "hboMax",
  },
  {
    "episodes": null,
    "finale": "2023-01-01",
    "id": "",
    "name": "Burden of Proof",
    "premiere": "2023-01-01",
    "seasons": null,
    "streamer": "hboMax",
  },
  {
    "episodes": null,
    "finale": "2023-01-01",
    "id": "",
    "name": "Last Call: When a Serial Killer Stalked Queer New York",
    "premiere": "2023-01-01",
    "seasons": null,
    "streamer": "hboMax",
  },
  {
    "episodes": null,
    "finale": "2023-01-01",
    "id": "",
    "name": "The Golden Boy",
    "premiere": "2023-01-01",
    "seasons": null,
    "streamer": "hboMax",
  },
  {
    "episodes": null,
    "finale": "2023-01-01",
    "id": "",
    "name": "Telemarketers",
    "premiere": "2023-01-01",
    "seasons": null,
    "streamer": "hboMax",
  },
  {
    "episodes": null,
    "finale": "2023-01-01",
    "id": "",
    "name": "Savior Complex",
    "premiere": "2023-01-01",
    "seasons": null,
    "streamer": "hboMax",
  },
  {
    "episodes": null,
    "finale": "2023-01-01",
    "id": "",
    "name": "Navajo Police: Class 57",
    "premiere": "2023-01-01",
    "seasons": null,
    "streamer": "hboMax",
  },
  {
    "episodes": null,
    "finale": "2023-01-01",
    "id": "",
    "name": "Love Has Won: The Cult of Mother God",
    "premiere": "2023-01-01",
    "seasons": null,
    "streamer": "hboMax",
  },
  {
    "episodes": null,
    "finale": "2023-01-01",
    "id": "",
    "name": "Murder in Boston: Roots, Rampage, and Reckoning",
    "premiere": "2023-01-01",
    "seasons": null,
    "streamer": "hboMax",
  },
  {
    "episodes": null,
    "finale": "2024-01-01",
    "id": "",
    "name": "God Save Texas",
    "premiere": "2024-01-01",
    "seasons": null,
    "streamer": "hboMax",
  },
  {
    "episodes": null,
    "finale": "2024-01-01",
    "id": "",
    "name": "The Synanon Fix: Did the Cure Become a Cult?",
    "premiere": "2024-01-01",
    "seasons": null,
    "streamer": "hboMax",
  },
  {
    "episodes": null,
    "finale": "2024-01-01",
    "id": "",
    "name": "Stax: Soulsville U.S.A.",
    "premiere": "2024-01-01",
    "seasons": null,
    "streamer": "hboMax",
  },
  {
    "episodes": null,
    "finale": "2024-01-01",
    "id": "",
    "name": "Ren Faire",
    "premiere": "2024-01-01",
    "seasons": null,
    "streamer": "hboMax",
  },
  {
    "episodes": null,
    "finale": "2024-01-01",
    "id": "",
    "name": "One South: Portrait of a Psych Unit",
    "premiere": "2024-01-01",
    "seasons": null,
    "streamer": "hboMax",
  },
  {
    "episodes": null,
    "finale": "2024-01-01",
    "id": "",
    "name": "Charlie Hustle & the Matter of Pete Rose",
    "premiere": "2024-01-01",
    "seasons": null,
    "streamer": "hboMax",
  },
  {
    "episodes": null,
    "finale": "2024-01-01",
    "id": "",
    "name": "Chimp Crazy",
    "premiere": "2024-01-01",
    "seasons": null,
    "streamer": "hboMax",
  },
  {
    "episodes": null,
    "finale": "2024-01-01",
    "id": "",
    "name": "Wise Guy: David Chase and the Sopranos",
    "premiere": "2024-01-01",
    "seasons": null,
    "streamer": "hboMax",
  },
  {
    "episodes": null,
    "finale": "2024-01-01",
    "id": "",
    "name": "I'm Not a Monster: The Lois Riess Murders",
    "premiere": "2024-01-01",
    "seasons": null,
    "streamer": "hboMax",
  },
  {
    "episodes": null,
    "finale": "2024-01-01",
    "id": "",
    "name": "Breath of Fire",
    "premiere": "2024-01-01",
    "seasons": null,
    "streamer": "hboMax",
  },
  {
    "episodes": null,
    "finale": "2025-01-01",
    "id": "",
    "name": "An Update on Our Family",
    "premiere": "2025-01-01",
    "seasons": null,
    "streamer": "hboMax",
  },
  {
    "episodes": null,
    "finale": "2025-01-01",
    "id": "",
    "name": "Eyes on the Prize III: We Who Believe in Freedom Cannot Rest",
    "premiere": "2025-01-01",
    "seasons": null,
    "streamer": "hboMax",
  },
  {
    "episodes": null,
    "finale": "2025-01-01",
    "id": "",
    "name": "Celtics City",
    "premiere": "2025-01-01",
    "seasons": null,
    "streamer": "hboMax",
  },
  {
    "episodes": null,
    "finale": "2025-01-01",
    "id": "",
    "name": "Pee-wee as Himself",
    "premiere": "2025-01-01",
    "seasons": null,
    "streamer": "hboMax",
  },
  {
    "episodes": null,
    "finale": "2025-01-01",
    "id": "",
    "name": "The Mortician",
    "premiere": "2025-01-01",
    "seasons": null,
    "streamer": "hboMax",
  },
  {
    "episodes": null,
    "finale": "2025-01-01",
    "id": "",
    "name": "Billy Joel: And So It Goes",
    "premiere": "2025-01-01",
    "seasons": null,
    "streamer": "hboMax",
  },
  {
    "episodes": null,
    "finale": "2025-01-01",
    "id": "",
    "name": "The Yogurt Shop Murders",
    "premiere": "2025-01-01",
    "seasons": null,
    "streamer": "hboMax",
  },
  {
    "episodes": null,
    "finale": "2025-01-01",
    "id": "",
    "name": "Seen & Heard: The History of Black Television",
    "premiere": "2025-01-01",
    "seasons": null,
    "streamer": "hboMax",
  },
  {
    "episodes": null,
    "finale": "2024-01-01",
    "id": "",
    "name": "We're Here",
    "premiere": "2020-01-01",
    "seasons": null,
    "streamer": "hboMax",
  },
  {
    "episodes": null,
    "finale": "2022-01-01",
    "id": "",
    "name": "Chillin Island",
    "premiere": "2021-01-01",
    "seasons": null,
    "streamer": "hboMax",
  },
  {
    "episodes": null,
    "finale": "2024-01-01",
    "id": "",
    "name": "Jerrod Carmichael Reality Show",
    "premiere": "2024-01-01",
    "seasons": null,
    "streamer": "hboMax",
  },
  {
    "episodes": null,
    "finale": "1976-01-01",
    "id": "",
    "name": "Martha's Attic",
    "premiere": "1974-01-01",
    "seasons": null,
    "streamer": "hboMax",
  },
  {
    "episodes": null,
    "finale": "1985-01-01",
    "id": "",
    "name": "On Location",
    "premiere": "1976-01-01",
    "seasons": null,
    "streamer": "hboMax",
  },
  {
    "episodes": null,
    "finale": "1982-01-01",
    "id": "",
    "name": "Standing Room Only",
    "premiere": "1976-01-01",
    "seasons": null,
    "streamer": "hboMax",
  },
  {
    "episodes": null,
    "finale": "1980-01-01",
    "id": "",
    "name": "Backstage in Hollywood",
    "premiere": "1979-01-01",
    "seasons": null,
    "streamer": "hboMax",
  },
  {
    "episodes": null,
    "finale": "1986-01-01",
    "id": "",
    "name": "Video Jukebox",
    "premiere": "1981-01-01",
    "seasons": null,
    "streamer": "hboMax",
  },
  {
    "episodes": null,
    "finale": "1985-01-01",
    "id": "",
    "name": "Braingames",
    "premiere": "1983-01-01",
    "seasons": null,
    "streamer": "hboMax",
  },
  {
    "episodes": null,
    "finale": "1989-01-01",
    "id": "",
    "name": "Encyclopedia",
    "premiere": "1988-01-01",
    "seasons": null,
    "streamer": "hboMax",
  },
  {
    "episodes": null,
    "finale": "2005-01-01",
    "id": "",
    "name": "One Night Stand",
    "premiere": "1989-01-01",
    "seasons": null,
    "streamer": "hboMax",
  },
  {
    "episodes": null,
    "finale": "2008-01-01",
    "id": "",
    "name": "Def Comedy Jam",
    "premiere": "1992-01-01",
    "seasons": null,
    "streamer": "hboMax",
  },
  {
    "episodes": null,
    "finale": "2002-01-01",
    "id": "",
    "name": "Dennis Miller Live",
    "premiere": "1994-01-01",
    "seasons": null,
    "streamer": "hboMax",
  },
  {
    "episodes": null,
    "finale": "1999-01-01",
    "id": "",
    "name": "HBO Comedy Half-Hour",
    "premiere": "1994-01-01",
    "seasons": null,
    "streamer": "hboMax",
  },
  {
    "episodes": null,
    "finale": "2000-01-01",
    "id": "",
    "name": "The Chris Rock Show",
    "premiere": "1997-01-01",
    "seasons": null,
    "streamer": "hboMax",
  },
  {
    "episodes": null,
    "finale": "2001-01-01",
    "id": "",
    "name": "Reverb",
    "premiere": "1997-01-01",
    "seasons": null,
    "streamer": "hboMax",
  },
  {
    "episodes": null,
    "finale": "2007-01-01",
    "id": "",
    "name": "Def Poetry Jam",
    "premiere": "2002-01-01",
    "seasons": null,
    "streamer": "hboMax",
  },
  {
    "episodes": null,
    "finale": "2008-01-01",
    "id": "",
    "name": "Down and Dirty with Jim Norton",
    "premiere": "2008-01-01",
    "seasons": null,
    "streamer": "hboMax",
  },
  {
    "episodes": null,
    "finale": "2009-01-01",
    "id": "",
    "name": "Joe Buck Live",
    "premiere": "2009-01-01",
    "seasons": null,
    "streamer": "hboMax",
  },
  {
    "episodes": null,
    "finale": "2016-01-01",
    "id": "",
    "name": "After the Thrones",
    "premiere": "2016-01-01",
    "seasons": null,
    "streamer": "hboMax",
  },
  {
    "episodes": null,
    "finale": "2016-01-01",
    "id": "",
    "name": "Any Given Wednesday with Bill Simmons",
    "premiere": "2016-01-01",
    "seasons": null,
    "streamer": "hboMax",
  },
  {
    "episodes": null,
    "finale": "2019-01-01",
    "id": "",
    "name": "Vice News Tonight",
    "premiere": "2016-01-01",
    "seasons": null,
    "streamer": "hboMax",
  },
  {
    "episodes": null,
    "finale": "2021-01-01",
    "id": "",
    "name": "The Shop: Uninterrupted",
    "premiere": "2018-01-01",
    "seasons": null,
    "streamer": "hboMax",
  },
  {
    "episodes": null,
    "finale": "2022-01-01",
    "id": "",
    "name": "PAUSE with Sam Jay",
    "premiere": "2021-01-01",
    "seasons": null,
    "streamer": "hboMax",
  },
  {
    "episodes": null,
    "finale": "2022-01-01",
    "id": "",
    "name": "The House That Dragons Built",
    "premiere": "2022-01-01",
    "seasons": null,
    "streamer": "hboMax",
  },
  {
    "episodes": null,
    "finale": "2018-01-01",
    "id": "",
    "name": "HBO World Championship Boxing",
    "premiere": "1973-01-01",
    "seasons": null,
    "streamer": "hboMax",
  },
  {
    "episodes": null,
    "finale": "1999-01-01",
    "id": "",
    "name": "Wimbledon Tennis",
    "premiere": "1975-01-01",
    "seasons": null,
    "streamer": "hboMax",
  },
  {
    "episodes": null,
    "finale": "2008-01-01",
    "id": "",
    "name": "Inside the NFL",
    "premiere": "1977-01-01",
    "seasons": null,
    "streamer": "hboMax",
  },
  {
    "episodes": null,
    "finale": "1992-01-01",
    "id": "",
    "name": "Race for the Pennant",
    "premiere": "1978-01-01",
    "seasons": null,
    "streamer": "hboMax",
  },
  {
    "episodes": null,
    "finale": "2023-01-01",
    "id": "",
    "name": "Real Sports with Bryant Gumbel",
    "premiere": "1995-01-01",
    "seasons": null,
    "streamer": "hboMax",
  },
  {
    "episodes": null,
    "finale": "2018-01-01",
    "id": "",
    "name": "Boxing After Dark",
    "premiere": "1996-01-01",
    "seasons": null,
    "streamer": "hboMax",
  },
  {
    "episodes": null,
    "finale": "2001-01-01",
    "id": "",
    "name": "KO Nation",
    "premiere": "2000-01-01",
    "seasons": null,
    "streamer": "hboMax",
  },
  {
    "episodes": null,
    "finale": "2004-01-01",
    "id": "",
    "name": "On the Record with Bob Costas",
    "premiere": "2001-01-01",
    "seasons": null,
    "streamer": "hboMax",
  },
  {
    "episodes": null,
    "finale": "2009-01-01",
    "id": "",
    "name": "Costas Now",
    "premiere": "2005-01-01",
    "seasons": null,
    "streamer": "hboMax",
  },
  {
    "episodes": null,
    "finale": "2022-01-01",
    "id": "",
    "name": "Back on the Record with Bob Costas",
    "premiere": "2021-01-01",
    "seasons": null,
    "streamer": "hboMax",
  },
  {
    "episodes": null,
    "finale": "2023-01-01",
    "id": "",
    "name": "Game Theory with Bomani Jones",
    "premiere": "2022-01-01",
    "seasons": null,
    "streamer": "hboMax",
  },
]
`;
